<?xml version="1.0" encoding="utf-8"?>
<TestRun id="e036c1d1-b1f9-4ef2-a8cd-4b1b3af96fdb" name="victo@VICTOR 2026-08-10 20:01:24" runUser="VICTOR\victo" xmlns="http://microsoft.com/schemas/VisualStudio/TeamTest/2010">
  <Times creation="2026-08-10T20:01:24.7789314-03:00" queuing="2026-08-10T20:01:24.7789346-03:00" start="2026-08-10T20:01:23.2766039-03:00" finish="2026-08-10T20:01:27.2267056-03:00" />
  <TestSettings name="default" id="32dea7bf-5e42-45d0-989b-c7ab78bc2071">
    <Deployment runDeploymentRoot="victo_VICTOR_2026-08-10_20_01_24" />
  </TestSettings>
  <Results>
    <UnitTestResult executionId="1a3d5675-988f-4871-8138-24dbfba8db81" testId="b55ed352-cfa6-9e5f-a442-8589ed4fe3e5" testName="CNPJ inválido é rejeitado localmente @spec:AC-014(invalidCnpj: &quot;12.345.678/ABCD-00&quot;)" computerName="VICTOR" duration="00:00:00.0000460" startTime="2026-08-10T20:01:24.7105287-03:00" endTime="2026-08-10T20:01:24.7106285-03:00" testType="13cdc9d9-ddb5-4fa4-a97d-d965ccfc6d4b" outcome="Passed" testListId="8c84fa94-04c1-424b-9868-57a2d4851a1d" relativeResultsDirectory="1a3d5675-988f-4871-8138-24dbfba8db81" />
    <UnitTestResult executionId="67c5e0b7-fef9-4996-a5e2-3abdbbd6bcc6" testId="8562d143-3b82-27ba-44e9-faf1a99286e9" testName="ServiceItem e Quotation implementam ITenantOwned com TenantId @spec:AC-045" computerName="VICTOR" duration="00:00:00.0012866" startTime="2026-08-10T20:01:24.7649696-03:00" endTime="2026-08-10T20:01:24.7650608-03:00" testType="13cdc9d9-ddb5-4fa4-a97d-d965ccfc6d4b" outcome="Passed" testListId="8c84fa94-04c1-424b-9868-57a2d4851a1d" relativeResultsDirectory="67c5e0b7-fef9-4996-a5e2-3abdbbd6bcc6" />
    <UnitTestResult executionId="ab868cf0-2c9b-4607-9192-04caaad74670" testId="65093bbf-b8dd-ece0-d28c-4f2753fee566" testName="CNPJ é único globalmente (normalização consistente) @spec:AC-022" computerName="VICTOR" duration="00:00:00.0001806" startTime="2026-08-10T20:01:24.7353179-03:00" endTime="2026-08-10T20:01:24.7353813-03:00" testType="13cdc9d9-ddb5-4fa4-a97d-d965ccfc6d4b" outcome="Passed" testListId="8c84fa94-04c1-424b-9868-57a2d4851a1d" relativeResultsDirectory="ab868cf0-2c9b-4607-9192-04caaad74670" />
    <UnitTestResult executionId="dd21ec7d-2b11-4a32-94ed-b17282fe60ea" testId="d373d502-0b8c-7f14-014e-ca19d3df95b8" testName="Dados obrigatórios são validados na criação do Tenant @spec:AC-018" computerName="VICTOR" duration="00:00:00.0147063" startTime="2026-08-10T20:01:24.5611810-03:00" endTime="2026-08-10T20:01:24.7359336-03:00" testType="13cdc9d9-ddb5-4fa4-a97d-d965ccfc6d4b" outcome="Passed" testListId="8c84fa94-04c1-424b-9868-57a2d4851a1d" relativeResultsDirectory="dd21ec7d-2b11-4a32-94ed-b17282fe60ea" />
    <UnitTestResult executionId="162e78d8-fcd3-4c1c-b129-4b2950897ad8" testId="664668a9-0166-4053-a641-ae3859d83de8" testName="Agendamento.UnitTests.Tenants.FoodCnaePolicyTests.IsEligible_ShouldReturnTrue_WhenCnaeIsFoodRelated(cnae: &quot;1091102&quot;)" computerName="VICTOR" duration="00:00:00.0008721" startTime="2026-08-10T20:01:24.6315909-03:00" endTime="2026-08-10T20:01:24.7096653-03:00" testType="13cdc9d9-ddb5-4fa4-a97d-d965ccfc6d4b" outcome="Passed" testListId="8c84fa94-04c1-424b-9868-57a2d4851a1d" relativeResultsDirectory="162e78d8-fcd3-4c1c-b129-4b2950897ad8" />
    <UnitTestResult executionId="9c705020-d9c8-4312-ab22-5cb216a48da0" testId="b2088690-1ee0-3f54-5a61-d2b2fd799ac7" testName="Agendamento.UnitTests.Tenants.FoodCnaePolicyTests.IsEligible_ShouldReturnTrue_WhenCnaeIsFoodRelated(cnae: &quot;56.11-2-01&quot;)" computerName="VICTOR" duration="00:00:00.0000083" startTime="2026-08-10T20:01:24.7341442-03:00" endTime="2026-08-10T20:01:24.7343038-03:00" testType="13cdc9d9-ddb5-4fa4-a97d-d965ccfc6d4b" outcome="Passed" testListId="8c84fa94-04c1-424b-9868-57a2d4851a1d" relativeResultsDirectory="9c705020-d9c8-4312-ab22-5cb216a48da0" />
    <UnitTestResult executionId="6111433c-0694-413e-a41f-a8a4cee0ba2e" testId="bcb8c788-2db3-7555-ba79-240f9605e5aa" testName="Agendamento.UnitTests.Tenants.FoodCnaePolicyTests.IsEligible_ShouldReturnFalse_WhenCnaesListIsNull" computerName="VICTOR" duration="00:00:00.0072009" startTime="2026-08-10T20:01:24.5641147-03:00" endTime="2026-08-10T20:01:24.5808930-03:00" testType="13cdc9d9-ddb5-4fa4-a97d-d965ccfc6d4b" outcome="Passed" testListId="8c84fa94-04c1-424b-9868-57a2d4851a1d" relativeResultsDirectory="6111433c-0694-413e-a41f-a8a4cee0ba2e" />
    <UnitTestResult executionId="1936d3e4-bae1-44dc-a0b0-df8c3a08e450" testId="59274b74-b782-b90e-5236-22a59805ddf4" testName="Agendamento.UnitTests.Tenants.FoodCnaePolicyTests.IsEligible_ShouldReturnTrue_WhenCnaeIsFoodRelated(cnae: &quot;5621900&quot;)" computerName="VICTOR" duration="00:00:00.0000067" startTime="2026-08-10T20:01:24.7285316-03:00" endTime="2026-08-10T20:01:24.7286506-03:00" testType="13cdc9d9-ddb5-4fa4-a97d-d965ccfc6d4b" outcome="Passed" testListId="8c84fa94-04c1-424b-9868-57a2d4851a1d" relativeResultsDirectory="1936d3e4-bae1-44dc-a0b0-df8c3a08e450" />
    <UnitTestResult executionId="7c5b0d05-211f-4954-8ce0-49d90e3e2d9f" testId="c37b1869-f1c2-37f2-5b82-e814a41cc386" testName="Agendamento.UnitTests.Financial.FinancialDomainTests.RegisterPayment_ShouldUpdateStatusToPaid_WhenPaymentEqualsBalance" computerName="VICTOR" duration="00:00:00.0070581" startTime="2026-08-10T20:01:24.7558485-03:00" endTime="2026-08-10T20:01:24.7566670-03:00" testType="13cdc9d9-ddb5-4fa4-a97d-d965ccfc6d4b" outcome="Passed" testListId="8c84fa94-04c1-424b-9868-57a2d4851a1d" relativeResultsDirectory="7c5b0d05-211f-4954-8ce0-49d90e3e2d9f" />
    <UnitTestResult executionId="200c5c4f-b490-40f4-9f42-8b604bf5d35d" testId="22e65293-fd42-8c3f-d45e-61a8cbade853" testName="Agendamento.UnitTests.Tenants.FoodCnaePolicyTests.IsEligible_ShouldReturnTrue_WhenCnaeIsFoodRelated(cnae: &quot;4729699&quot;)" computerName="VICTOR" duration="00:00:00.0000078" startTime="2026-08-10T20:01:24.7289423-03:00" endTime="2026-08-10T20:01:24.7290508-03:00" testType="13cdc9d9-ddb5-4fa4-a97d-d965ccfc6d4b" outcome="Passed" testListId="8c84fa94-04c1-424b-9868-57a2d4851a1d" relativeResultsDirectory="200c5c4f-b490-40f4-9f42-8b604bf5d35d" />
    <UnitTestResult executionId="d22f83e1-77e7-412d-b49a-9c44a094a197" testId="1f140a23-6c8c-89d0-4008-92602d6fcc50" testName="Perfil fiscal pertence exclusivamente ao tenant @spec:AC-019" computerName="VICTOR" duration="00:00:02.2073208" startTime="2026-08-10T20:01:24.6316520-03:00" endTime="2026-08-10T20:01:26.7892041-03:00" testType="13cdc9d9-ddb5-4fa4-a97d-d965ccfc6d4b" outcome="Passed" testListId="8c84fa94-04c1-424b-9868-57a2d4851a1d" relativeResultsDirectory="d22f83e1-77e7-412d-b49a-9c44a094a197" />
    <UnitTestResult executionId="a809a9d1-3157-4ed9-a3a3-dd14ec7b1599" testId="9e59c70a-5395-4006-a65e-39f9e411df8b" testName="CNPJ inválido é rejeitado localmente @spec:AC-014(invalidCnpj: &quot;AB.CDE.FGH/0001-90&quot;)" computerName="VICTOR" duration="00:00:00.0000608" startTime="2026-08-10T20:01:24.7102216-03:00" endTime="2026-08-10T20:01:24.7103293-03:00" testType="13cdc9d9-ddb5-4fa4-a97d-d965ccfc6d4b" outcome="Passed" testListId="8c84fa94-04c1-424b-9868-57a2d4851a1d" relativeResultsDirectory="a809a9d1-3157-4ed9-a3a3-dd14ec7b1599" />
    <UnitTestResult executionId="75a2daf1-62f9-4ed9-abb1-5e7096d7bb34" testId="5480304e-1da3-9c04-b092-42a309f49bf0" testName="Agendamento.UnitTests.Tenants.FoodCnaePolicyTests.IsEligible_ShouldReturnFalse_WhenNoFoodCnaeIsPresent" computerName="VICTOR" duration="00:00:00.0002206" startTime="2026-08-10T20:01:24.7345369-03:00" endTime="2026-08-10T20:01:24.7348373-03:00" testType="13cdc9d9-ddb5-4fa4-a97d-d965ccfc6d4b" outcome="Passed" testListId="8c84fa94-04c1-424b-9868-57a2d4851a1d" relativeResultsDirectory="75a2daf1-62f9-4ed9-abb1-5e7096d7bb34" />
    <UnitTestResult executionId="a1fa0cc8-4c23-4ef3-9bcb-36205686a925" testId="ed8c0379-8fd7-6952-0b60-2ec9585fba4e" testName="Agendamento.UnitTests.Tenants.FoodCnaePolicyTests.IsEligible_ShouldReturnTrue_WhenCnaeIsFoodRelated(cnae: &quot;1113502&quot;)" computerName="VICTOR" duration="00:00:00.0000105" startTime="2026-08-10T20:01:24.7242520-03:00" endTime="2026-08-10T20:01:24.7244558-03:00" testType="13cdc9d9-ddb5-4fa4-a97d-d965ccfc6d4b" outcome="Passed" testListId="8c84fa94-04c1-424b-9868-57a2d4851a1d" relativeResultsDirectory="a1fa0cc8-4c23-4ef3-9bcb-36205686a925" />
    <UnitTestResult executionId="ccef70cf-1528-49be-9f80-836892c47602" testId="9a85b37a-d8de-b6bb-ac9b-3dea2e6f3a61" testName="CreateFromQuotation copia os dados do orçamento quando está aprovado @spec:AC-051 @spec:AC-052" computerName="VICTOR" duration="00:00:00.0376642" startTime="2026-08-10T20:01:24.7086187-03:00" endTime="2026-08-10T20:01:24.7634774-03:00" testType="13cdc9d9-ddb5-4fa4-a97d-d965ccfc6d4b" outcome="Passed" testListId="8c84fa94-04c1-424b-9868-57a2d4851a1d" relativeResultsDirectory="ccef70cf-1528-49be-9f80-836892c47602" />
    <UnitTestResult executionId="3ac12972-25b6-4c0e-be45-4a53cae23ea2" testId="fbb75024-a331-c451-588b-89219f5bb0f7" testName="Agendamento.UnitTests.Notifications.NotificationDomainTests.NotificationMessage_MarkAsFailed_Should_Increase_RetryCount_And_Fail_After_3" computerName="VICTOR" duration="00:00:00.0004368" startTime="2026-08-10T20:01:24.7847950-03:00" endTime="2026-08-10T20:01:24.7848863-03:00" testType="13cdc9d9-ddb5-4fa4-a97d-d965ccfc6d4b" outcome="Passed" testListId="8c84fa94-04c1-424b-9868-57a2d4851a1d" relativeResultsDirectory="3ac12972-25b6-4c0e-be45-4a53cae23ea2" />
    <UnitTestResult executionId="538d8ff3-7b97-4dec-9220-1e5285d762ae" testId="1dafc3bd-6248-d7b3-505c-2e46b223fdbe" testName="Agendamento.UnitTests.Tenants.FoodCnaePolicyTests.IsEligible_ShouldReturnTrue_WhenCnaeIsFoodRelated(cnae: &quot;4711302&quot;)" computerName="VICTOR" duration="00:00:00.0003160" startTime="2026-08-10T20:01:24.7099075-03:00" endTime="2026-08-10T20:01:24.7109146-03:00" testType="13cdc9d9-ddb5-4fa4-a97d-d965ccfc6d4b" outcome="Passed" testListId="8c84fa94-04c1-424b-9868-57a2d4851a1d" relativeResultsDirectory="538d8ff3-7b97-4dec-9220-1e5285d762ae" />
    <UnitTestResult executionId="6a987941-378e-4cf0-917b-9046107d9067" testId="cb978f14-3905-bf3f-227f-2f7cb7f78c31" testName="Agendamento.UnitTests.Financial.FinancialDomainTests.CheckOverdue_ShouldUpdateStatusToOverdue_WhenDueDateIsPast" computerName="VICTOR" duration="00:00:00.0005246" startTime="2026-08-10T20:01:24.7569364-03:00" endTime="2026-08-10T20:01:24.7570360-03:00" testType="13cdc9d9-ddb5-4fa4-a97d-d965ccfc6d4b" outcome="Passed" testListId="8c84fa94-04c1-424b-9868-57a2d4851a1d" relativeResultsDirectory="6a987941-378e-4cf0-917b-9046107d9067" />
    <UnitTestResult executionId="8b373a62-2305-49ff-b329-5d883457e815" testId="dfde8078-449c-4b4d-060b-e8239af8abf8" testName="CNPJ inválido é rejeitado localmente @spec:AC-014(invalidCnpj: &quot;123&quot;)" computerName="VICTOR" duration="00:00:00.0000412" startTime="2026-08-10T20:01:24.7108097-03:00" endTime="2026-08-10T20:01:24.7109634-03:00" testType="13cdc9d9-ddb5-4fa4-a97d-d965ccfc6d4b" outcome="Passed" testListId="8c84fa94-04c1-424b-9868-57a2d4851a1d" relativeResultsDirectory="8b373a62-2305-49ff-b329-5d883457e815" />
    <UnitTestResult executionId="1462b633-62b8-4056-b789-a163d03ecd6a" testId="2a064bf9-dc28-3467-d36d-a5561c42ab5b" testName="Agendamento.UnitTests.Tenants.FoodCnaePolicyTests.IsEligible_ShouldReturnFalse_WhenCnaesListIsEmpty" computerName="VICTOR" duration="00:00:00.0004814" startTime="2026-08-10T20:01:24.7350491-03:00" endTime="2026-08-10T20:01:24.7356136-03:00" testType="13cdc9d9-ddb5-4fa4-a97d-d965ccfc6d4b" outcome="Passed" testListId="8c84fa94-04c1-424b-9868-57a2d4851a1d" relativeResultsDirectory="1462b633-62b8-4056-b789-a163d03ecd6a" />
    <UnitTestResult executionId="51ee22ec-a1a3-452f-95d4-170662333ed5" testId="652b69e2-cfc8-f8b9-7cd7-683c8be24209" testName="CNPJ inválido é rejeitado localmente @spec:AC-014(invalidCnpj: &quot;00.000.000/0000-00&quot;)" computerName="VICTOR" duration="00:00:00.0075255" startTime="2026-08-10T20:01:24.5643902-03:00" endTime="2026-08-10T20:01:24.6073021-03:00" testType="13cdc9d9-ddb5-4fa4-a97d-d965ccfc6d4b" outcome="Passed" testListId="8c84fa94-04c1-424b-9868-57a2d4851a1d" relativeResultsDirectory="51ee22ec-a1a3-452f-95d4-170662333ed5" />
    <UnitTestResult executionId="eb5bdc50-19a0-4caf-b3ed-81e44cea55fc" testId="16fa9fcc-a1c2-59fa-9138-e3c2a89493ed" testName="Agendamento.UnitTests.Financial.FinancialDomainTests.RegisterPayment_ShouldUpdateStatusToPartiallyPaid_WhenPaymentIsLessThanBalance" computerName="VICTOR" duration="00:00:00.0007779" startTime="2026-08-10T20:01:24.7598695-03:00" endTime="2026-08-10T20:01:24.7602696-03:00" testType="13cdc9d9-ddb5-4fa4-a97d-d965ccfc6d4b" outcome="Passed" testListId="8c84fa94-04c1-424b-9868-57a2d4851a1d" relativeResultsDirectory="eb5bdc50-19a0-4caf-b3ed-81e44cea55fc" />
    <UnitTestResult executionId="c76734ac-22c6-47ef-af10-1014b3222edb" testId="396308af-aa5a-af8b-93f3-b23035674026" testName="CNPJ inválido é rejeitado localmente @spec:AC-014(invalidCnpj: &quot;11.111.111/1111-11&quot;)" computerName="VICTOR" duration="00:00:00.0006391" startTime="2026-08-10T20:01:24.6286515-03:00" endTime="2026-08-10T20:01:24.7088077-03:00" testType="13cdc9d9-ddb5-4fa4-a97d-d965ccfc6d4b" outcome="Passed" testListId="8c84fa94-04c1-424b-9868-57a2d4851a1d" relativeResultsDirectory="c76734ac-22c6-47ef-af10-1014b3222edb" />
    <UnitTestResult executionId="5d43ef5c-26b1-4c7b-94b7-a70e8daed10b" testId="3e73a8d3-29d8-31f0-12f3-74ac7d05f781" testName="Senhas nunca são recuperáveis @spec:AC-008 @principle:P-005" computerName="VICTOR" duration="00:00:00.2993655" startTime="2026-08-10T20:01:24.7654187-03:00" endTime="2026-08-10T20:01:24.9253904-03:00" testType="13cdc9d9-ddb5-4fa4-a97d-d965ccfc6d4b" outcome="Passed" testListId="8c84fa94-04c1-424b-9868-57a2d4851a1d" relativeResultsDirectory="5d43ef5c-26b1-4c7b-94b7-a70e8daed10b" />
    <UnitTestResult executionId="320bf51c-d705-43d2-80a5-b9ded308ac5a" testId="dcaee891-453b-dc28-11d5-0a0a066ac08f" testName="Busca deve permitir filtro parcial e paginacao @spec:AC-043" computerName="VICTOR" duration="00:00:00.1999224" startTime="2026-08-10T20:01:26.8316386-03:00" endTime="2026-08-10T20:01:27.0318070-03:00" testType="13cdc9d9-ddb5-4fa4-a97d-d965ccfc6d4b" outcome="Passed" testListId="8c84fa94-04c1-424b-9868-57a2d4851a1d" relativeResultsDirectory="320bf51c-d705-43d2-80a5-b9ded308ac5a" />
    <UnitTestResult executionId="b29bfa3a-d65d-4836-9c94-74251e2458ec" testId="3cfea131-190c-a505-58e6-ebf96c4a0e1d" testName="Token vencido não pode ser consumido @spec:AC-011" computerName="VICTOR" duration="00:00:00.0254066" startTime="2026-08-10T20:01:24.7606125-03:00" endTime="2026-08-10T20:01:24.7655147-03:00" testType="13cdc9d9-ddb5-4fa4-a97d-d965ccfc6d4b" outcome="Passed" testListId="8c84fa94-04c1-424b-9868-57a2d4851a1d" relativeResultsDirectory="b29bfa3a-d65d-4836-9c94-74251e2458ec" />
    <UnitTestResult executionId="901e3f09-a5ff-4c9d-8772-4e2c0817154f" testId="3f73e4a6-427c-c59b-0ad2-e7acb5664383" testName="Calcula entrada exigida em valor fixo e saldo restante @spec:AC-046" computerName="VICTOR" duration="00:00:00.0022338" startTime="2026-08-10T20:01:24.7595047-03:00" endTime="2026-08-10T20:01:24.7609077-03:00" testType="13cdc9d9-ddb5-4fa4-a97d-d965ccfc6d4b" outcome="Passed" testListId="8c84fa94-04c1-424b-9868-57a2d4851a1d" relativeResultsDirectory="901e3f09-a5ff-4c9d-8772-4e2c0817154f" />
    <UnitTestResult executionId="b74db28d-c90b-4487-8008-61e0fd515668" testId="ddf90519-375a-ef32-e409-90558364c665" testName="CreateFromQuotation lança exceção quando o orçamento não está aprovado @spec:AC-051" computerName="VICTOR" duration="00:00:00.0084489" startTime="2026-08-10T20:01:24.5642779-03:00" endTime="2026-08-10T20:01:24.6070545-03:00" testType="13cdc9d9-ddb5-4fa4-a97d-d965ccfc6d4b" outcome="Passed" testListId="8c84fa94-04c1-424b-9868-57a2d4851a1d" relativeResultsDirectory="b74db28d-c90b-4487-8008-61e0fd515668" />
    <UnitTestResult executionId="83d2e8d9-fdf2-46d5-9ad6-6bbfd1f88ac4" testId="4832df00-01ae-8152-5bd7-9e8be4ee394b" testName="CNPJ alfanumérico válido é aceito(input: &quot;12.ABC.345/01DE-35&quot;, expected: &quot;12ABC34501DE35&quot;)" computerName="VICTOR" duration="00:00:00.0002401" startTime="2026-08-10T20:01:24.7355421-03:00" endTime="2026-08-10T20:01:24.7357529-03:00" testType="13cdc9d9-ddb5-4fa4-a97d-d965ccfc6d4b" outcome="Passed" testListId="8c84fa94-04c1-424b-9868-57a2d4851a1d" relativeResultsDirectory="83d2e8d9-fdf2-46d5-9ad6-6bbfd1f88ac4" />
    <UnitTestResult executionId="6c6d09a9-c9c6-4a89-a31f-8a185b69dc3e" testId="65ca6c8f-ee1a-b481-84e1-c0aa72e9906d" testName="CNPJ é único globalmente @spec:AC-022" computerName="VICTOR" duration="00:00:00.0060376" startTime="2026-08-10T20:01:24.5643419-03:00" endTime="2026-08-10T20:01:24.6072579-03:00" testType="13cdc9d9-ddb5-4fa4-a97d-d965ccfc6d4b" outcome="Passed" testListId="8c84fa94-04c1-424b-9868-57a2d4851a1d" relativeResultsDirectory="6c6d09a9-c9c6-4a89-a31f-8a185b69dc3e" />
    <UnitTestResult executionId="c4596403-611d-40d7-a8db-7f566562902a" testId="183c1e56-72ff-406b-b7a6-bb428b16d10a" testName="Appointment lança exceção quando EndTime é anterior a StartTime @spec:AC-050 @spec:AC-053" computerName="VICTOR" duration="00:00:00.0009065" startTime="2026-08-10T20:01:24.7637571-03:00" endTime="2026-08-10T20:01:24.7638532-03:00" testType="13cdc9d9-ddb5-4fa4-a97d-d965ccfc6d4b" outcome="Passed" testListId="8c84fa94-04c1-424b-9868-57a2d4851a1d" relativeResultsDirectory="c4596403-611d-40d7-a8db-7f566562902a" />
    <UnitTestResult executionId="53433706-e71e-439d-9f86-a26ec651649b" testId="3caa686e-5f95-dfaa-fb78-cb1730f4870a" testName="Marcação de pendente em orçamento sem itens lança exceção @spec:AC-048" computerName="VICTOR" duration="00:00:00.0006284" startTime="2026-08-10T20:01:24.7591353-03:00" endTime="2026-08-10T20:01:24.7592365-03:00" testType="13cdc9d9-ddb5-4fa4-a97d-d965ccfc6d4b" outcome="Passed" testListId="8c84fa94-04c1-424b-9868-57a2d4851a1d" relativeResultsDirectory="53433706-e71e-439d-9f86-a26ec651649b" />
    <UnitTestResult executionId="ce336248-67ff-44d7-bc46-a3f8d08747e2" testId="a914b70e-0c60-5832-8e29-f99adf042a7e" testName="Agendamento.UnitTests.Notifications.NotificationDomainTests.NotificationTemplate_Should_Render_Correctly_With_Variables" computerName="VICTOR" duration="00:00:00.0015969" startTime="2026-08-10T20:01:24.7833031-03:00" endTime="2026-08-10T20:01:24.7835808-03:00" testType="13cdc9d9-ddb5-4fa4-a97d-d965ccfc6d4b" outcome="Passed" testListId="8c84fa94-04c1-424b-9868-57a2d4851a1d" relativeResultsDirectory="ce336248-67ff-44d7-bc46-a3f8d08747e2" />
    <UnitTestResult executionId="106dbe43-152a-4e66-bc60-403b7c923e04" testId="41119ef9-0d41-c600-7bbd-f0cdd08d250d" testName="Cadastro composto cria todos os vínculos @spec:AC-021" computerName="VICTOR" duration="00:00:00.1137299" startTime="2026-08-10T20:01:26.7896993-03:00" endTime="2026-08-10T20:01:26.9030202-03:00" testType="13cdc9d9-ddb5-4fa4-a97d-d965ccfc6d4b" outcome="Passed" testListId="8c84fa94-04c1-424b-9868-57a2d4851a1d" relativeResultsDirectory="106dbe43-152a-4e66-bc60-403b7c923e04" />
    <UnitTestResult executionId="8a846ecf-e9d2-4f76-914d-adf8ea2786c4" testId="03b5f81e-f392-fb43-df60-8f13357d4744" testName="CNPJ inválido é rejeitado localmente @spec:AC-014(invalidCnpj: &quot;12.345.678/0001-90&quot;)" computerName="VICTOR" duration="00:00:00.0004897" startTime="2026-08-10T20:01:24.7095197-03:00" endTime="2026-08-10T20:01:24.7100242-03:00" testType="13cdc9d9-ddb5-4fa4-a97d-d965ccfc6d4b" outcome="Passed" testListId="8c84fa94-04c1-424b-9868-57a2d4851a1d" relativeResultsDirectory="8a846ecf-e9d2-4f76-914d-adf8ea2786c4" />
    <UnitTestResult executionId="7b479650-ab01-41f4-80eb-3b348f1288ec" testId="a5a7aca3-9e9b-7f23-d24d-dd2beca8f376" testName="Token válido é consumido somente uma vez @spec:AC-010" computerName="VICTOR" duration="00:00:00.0040397" startTime="2026-08-10T20:01:24.7824807-03:00" endTime="2026-08-10T20:01:24.7825814-03:00" testType="13cdc9d9-ddb5-4fa4-a97d-d965ccfc6d4b" outcome="Passed" testListId="8c84fa94-04c1-424b-9868-57a2d4851a1d" relativeResultsDirectory="7b479650-ab01-41f4-80eb-3b348f1288ec" />
    <UnitTestResult executionId="ada4fd67-129c-4408-9137-1503b4ef060f" testId="cfa63183-6c03-cf49-0398-beeb1550aea1" testName="Token inválido, adulterado ou vencido não verifica o e-mail @spec:AC-011(submittedToken: &quot;missing-token&quot;)" computerName="VICTOR" duration="00:00:00.0004854" startTime="2026-08-10T20:01:24.7837452-03:00" endTime="2026-08-10T20:01:24.7840345-03:00" testType="13cdc9d9-ddb5-4fa4-a97d-d965ccfc6d4b" outcome="Passed" testListId="8c84fa94-04c1-424b-9868-57a2d4851a1d" relativeResultsDirectory="ada4fd67-129c-4408-9137-1503b4ef060f" />
    <UnitTestResult executionId="9454d432-1864-4833-9162-e64a20bf0fe7" testId="0bac1fe3-a93d-8d57-ad20-0017ee34b69d" testName="Token inválido, adulterado ou vencido não verifica o e-mail @spec:AC-011(submittedToken: &quot;tampered-token&quot;)" computerName="VICTOR" duration="00:00:00.0084391" startTime="2026-08-10T20:01:24.7828367-03:00" endTime="2026-08-10T20:01:24.7833995-03:00" testType="13cdc9d9-ddb5-4fa4-a97d-d965ccfc6d4b" outcome="Passed" testListId="8c84fa94-04c1-424b-9868-57a2d4851a1d" relativeResultsDirectory="9454d432-1864-4833-9162-e64a20bf0fe7" />
    <UnitTestResult executionId="dd03c385-2a90-449b-9b11-b550054a39fc" testId="8279f0e4-7a12-bd5e-6a79-859250bc1683" testName="Agendamento.UnitTests.Financial.FinancialDomainTests.CheckOverdue_ShouldNotUpdateStatus_WhenDueDateIsFuture" computerName="VICTOR" duration="00:00:00.0103342" startTime="2026-08-10T20:01:24.7554240-03:00" endTime="2026-08-10T20:01:24.7555453-03:00" testType="13cdc9d9-ddb5-4fa4-a97d-d965ccfc6d4b" outcome="Passed" testListId="8c84fa94-04c1-424b-9868-57a2d4851a1d" relativeResultsDirectory="dd03c385-2a90-449b-9b11-b550054a39fc" />
    <UnitTestResult executionId="a5e80415-9522-4e51-a780-4dda6966966f" testId="eedf0451-2aff-7ef7-c63f-114aee486d06" testName="CNPJ numérico válido é aceito(input: &quot;11.222.333/0001-81&quot;, expected: &quot;11222333000181&quot;)" computerName="VICTOR" duration="00:00:00.0002560" startTime="2026-08-10T20:01:24.7243644-03:00" endTime="2026-08-10T20:01:24.7346008-03:00" testType="13cdc9d9-ddb5-4fa4-a97d-d965ccfc6d4b" outcome="Passed" testListId="8c84fa94-04c1-424b-9868-57a2d4851a1d" relativeResultsDirectory="a5e80415-9522-4e51-a780-4dda6966966f" />
    <UnitTestResult executionId="7e4ecbff-3462-493e-9051-2bd564e3ca21" testId="c5669416-af08-a381-0856-fc3c1b5adbf1" testName="Transições de status do orçamento seguem validações de negócio @spec:AC-048" computerName="VICTOR" duration="00:00:00.0047601" startTime="2026-08-10T20:01:24.7633839-03:00" endTime="2026-08-10T20:01:24.7643631-03:00" testType="13cdc9d9-ddb5-4fa4-a97d-d965ccfc6d4b" outcome="Passed" testListId="8c84fa94-04c1-424b-9868-57a2d4851a1d" relativeResultsDirectory="7e4ecbff-3462-493e-9051-2bd564e3ca21" />
    <UnitTestResult executionId="cc75fdda-399c-4cb3-a681-aaee9dbfb773" testId="8c57be35-1606-6f33-97d3-1699a0c1fb62" testName="Agendamento.UnitTests.Subscriptions.SubscriptionDomainTests.MarkAsActive_Should_UpdateStatusAndPeriod" computerName="VICTOR" duration="00:00:00.0012613" startTime="2026-08-10T20:01:24.7565682-03:00" endTime="2026-08-10T20:01:24.7587073-03:00" testType="13cdc9d9-ddb5-4fa4-a97d-d965ccfc6d4b" outcome="Passed" testListId="8c84fa94-04c1-424b-9868-57a2d4851a1d" relativeResultsDirectory="cc75fdda-399c-4cb3-a681-aaee9dbfb773" />
    <UnitTestResult executionId="05cb6bee-6b15-4782-a144-ca122e526897" testId="f555241f-01ca-e05d-621b-f9044dfc8a6c" testName="CNPJ numérico válido é aceito(input: &quot;19.131.243/0001-97&quot;, expected: &quot;19131243000197&quot;)" computerName="VICTOR" duration="00:00:00.0003283" startTime="2026-08-10T20:01:24.7347626-03:00" endTime="2026-08-10T20:01:24.7351298-03:00" testType="13cdc9d9-ddb5-4fa4-a97d-d965ccfc6d4b" outcome="Passed" testListId="8c84fa94-04c1-424b-9868-57a2d4851a1d" relativeResultsDirectory="05cb6bee-6b15-4782-a144-ca122e526897" />
    <UnitTestResult executionId="377c16dc-d315-417f-9b32-de9cbd200e6b" testId="feac7df1-8e67-dd51-f64a-ebc06e60d701" testName="Tenant é criado com sucesso quando todos os dados são válidos" computerName="VICTOR" duration="00:00:00.0094193" startTime="2026-08-10T20:01:24.7513912-03:00" endTime="2026-08-10T20:01:24.7544332-03:00" testType="13cdc9d9-ddb5-4fa4-a97d-d965ccfc6d4b" outcome="Passed" testListId="8c84fa94-04c1-424b-9868-57a2d4851a1d" relativeResultsDirectory="377c16dc-d315-417f-9b32-de9cbd200e6b" />
    <UnitTestResult executionId="3365a5b3-0955-45f1-9e1f-eff7ec2456ef" testId="f7e0787d-6fc3-61b7-13ea-e0c8ce4d5af9" testName="Perfil fiscal pertence exclusivamente ao tenant @spec:AC-019" computerName="VICTOR" duration="00:00:00.0285522" startTime="2026-08-10T20:01:24.7542639-03:00" endTime="2026-08-10T20:01:24.7599767-03:00" testType="13cdc9d9-ddb5-4fa4-a97d-d965ccfc6d4b" outcome="Passed" testListId="8c84fa94-04c1-424b-9868-57a2d4851a1d" relativeResultsDirectory="3365a5b3-0955-45f1-9e1f-eff7ec2456ef" />
    <UnitTestResult executionId="538d369d-873b-43a1-9419-51e4244659e3" testId="7903b7d7-f3f6-0d3c-1da6-d1e65a257d5d" testName="Repetição idempotente não duplica o cadastro @spec:AC-023" computerName="VICTOR" duration="00:00:02.2992451" startTime="2026-08-10T20:01:24.7642570-03:00" endTime="2026-08-10T20:01:26.9199155-03:00" testType="13cdc9d9-ddb5-4fa4-a97d-d965ccfc6d4b" outcome="Passed" testListId="8c84fa94-04c1-424b-9868-57a2d4851a1d" relativeResultsDirectory="538d369d-873b-43a1-9419-51e4244659e3" />
    <UnitTestResult executionId="7a2d716a-ad13-4408-b570-e58a86c59eaa" testId="af87e71a-38ad-89d8-279d-1b4234fd4a11" testName="Token de e-mail é armazenado somente como digest e expira em 24 horas @spec:AC-009 @principle:P-005" computerName="VICTOR" duration="00:00:00.0086156" startTime="2026-08-10T20:01:24.7820200-03:00" endTime="2026-08-10T20:01:24.7821544-03:00" testType="13cdc9d9-ddb5-4fa4-a97d-d965ccfc6d4b" outcome="Passed" testListId="8c84fa94-04c1-424b-9868-57a2d4851a1d" relativeResultsDirectory="7a2d716a-ad13-4408-b570-e58a86c59eaa" />
    <UnitTestResult executionId="5b1ca5a4-b34d-49ab-afb2-1e641af96af5" testId="3c106023-1498-d25a-6024-fc7cd1291e77" testName="Deve validar formato de CPF/CNPJ @spec:AC-042" computerName="VICTOR" duration="00:00:00.0013651" startTime="2026-08-10T20:01:26.8304851-03:00" endTime="2026-08-10T20:01:26.8314252-03:00" testType="13cdc9d9-ddb5-4fa4-a97d-d965ccfc6d4b" outcome="Passed" testListId="8c84fa94-04c1-424b-9868-57a2d4851a1d" relativeResultsDirectory="5b1ca5a4-b34d-49ab-afb2-1e641af96af5" />
    <UnitTestResult executionId="2878df8e-54d1-4bd2-8e0d-50c1acd9f85c" testId="f39e6452-77d0-a685-4aee-7ef03e9afd05" testName="Calcula subtotais, descontos e total geral do orçamento @spec:AC-046" computerName="VICTOR" duration="00:00:00.0003862" startTime="2026-08-10T20:01:24.7628810-03:00" endTime="2026-08-10T20:01:24.7630254-03:00" testType="13cdc9d9-ddb5-4fa4-a97d-d965ccfc6d4b" outcome="Passed" testListId="8c84fa94-04c1-424b-9868-57a2d4851a1d" relativeResultsDirectory="2878df8e-54d1-4bd2-8e0d-50c1acd9f85c" />
    <UnitTestResult executionId="f3846b57-74cb-45de-ba92-441a0344a04b" testId="8c2f1b76-7aca-971a-6053-a19e7908b574" testName="Agendamento.UnitTests.Notifications.NotificationDomainTests.NotificationMessage_Create_Should_Start_With_Pending_Status" computerName="VICTOR" duration="00:00:00.0044052" startTime="2026-08-10T20:01:24.7839240-03:00" endTime="2026-08-10T20:01:24.7845682-03:00" testType="13cdc9d9-ddb5-4fa4-a97d-d965ccfc6d4b" outcome="Passed" testListId="8c84fa94-04c1-424b-9868-57a2d4851a1d" relativeResultsDirectory="f3846b57-74cb-45de-ba92-441a0344a04b" />
    <UnitTestResult executionId="c527f655-45aa-4242-92b4-6fccb0d1a372" testId="d72e2768-a5e7-636e-1e19-68aa12887f9a" testName="Agendamento.UnitTests.Dashboard.DashboardMetricTests.GenerateCsv_ShouldCreateValidCsvContent" computerName="VICTOR" duration="00:00:00.0446833" startTime="2026-08-10T20:01:24.7607678-03:00" endTime="2026-08-10T20:01:24.7829341-03:00" testType="13cdc9d9-ddb5-4fa4-a97d-d965ccfc6d4b" outcome="Passed" testListId="8c84fa94-04c1-424b-9868-57a2d4851a1d" relativeResultsDirectory="c527f655-45aa-4242-92b4-6fccb0d1a372" />
    <UnitTestResult executionId="2c84c513-7321-4f23-87ba-3f742d07523b" testId="62630e3f-58c9-07ea-a5f9-260ba8d067dd" testName="Confirmação válida verifica o e-mail uma única vez @spec:AC-010" computerName="VICTOR" duration="00:00:00.0028077" startTime="2026-08-10T20:01:24.7842714-03:00" endTime="2026-08-10T20:01:24.7843681-03:00" testType="13cdc9d9-ddb5-4fa4-a97d-d965ccfc6d4b" outcome="Passed" testListId="8c84fa94-04c1-424b-9868-57a2d4851a1d" relativeResultsDirectory="2c84c513-7321-4f23-87ba-3f742d07523b" />
    <UnitTestResult executionId="bfd0b1a6-bb92-4b35-8db8-fc204191ad27" testId="392c8bf0-bcda-ecc6-bb6b-d4489654b8e0" testName="Calcula entrada exigida em porcentagem e saldo restante @spec:AC-046" computerName="VICTOR" duration="00:00:00.0005236" startTime="2026-08-10T20:01:24.7646270-03:00" endTime="2026-08-10T20:01:24.7647213-03:00" testType="13cdc9d9-ddb5-4fa4-a97d-d965ccfc6d4b" outcome="Passed" testListId="8c84fa94-04c1-424b-9868-57a2d4851a1d" relativeResultsDirectory="bfd0b1a6-bb92-4b35-8db8-fc204191ad27" />
    <UnitTestResult executionId="fcc34363-2d65-41be-9c4f-276f7d48beab" testId="a8e04767-ac41-1f32-c947-bd5df33151ec" testName="Aprovação de orçamento expirado lança exceção @spec:AC-048" computerName="VICTOR" duration="00:00:00.0005717" startTime="2026-08-10T20:01:24.7611596-03:00" endTime="2026-08-10T20:01:24.7612486-03:00" testType="13cdc9d9-ddb5-4fa4-a97d-d965ccfc6d4b" outcome="Passed" testListId="8c84fa94-04c1-424b-9868-57a2d4851a1d" relativeResultsDirectory="fcc34363-2d65-41be-9c4f-276f7d48beab" />
    <UnitTestResult executionId="c739ed93-f00c-49b8-80e7-ce1c98373b19" testId="8eae7c49-7daf-140e-1606-0b6942e5dcf2" testName="Cadastro inicial não coleta dados financeiros ou documentos @spec:AC-020" computerName="VICTOR" duration="00:00:00.0004331" startTime="2026-08-10T20:01:24.7548519-03:00" endTime="2026-08-10T20:01:24.7549679-03:00" testType="13cdc9d9-ddb5-4fa4-a97d-d965ccfc6d4b" outcome="Passed" testListId="8c84fa94-04c1-424b-9868-57a2d4851a1d" relativeResultsDirectory="c739ed93-f00c-49b8-80e7-ce1c98373b19" />
    <UnitTestResult executionId="af961311-9e23-4798-b5ed-b956a285a47c" testId="4552b24e-8008-ee31-31c2-f0a979399c16" testName="Agendamento.UnitTests.Financial.FinancialDomainTests.RegisterPayment_ShouldThrowException_WhenPaymentExceedsBalance" computerName="VICTOR" duration="00:00:00.0023561" startTime="2026-08-10T20:01:24.7585756-03:00" endTime="2026-08-10T20:01:24.7595959-03:00" testType="13cdc9d9-ddb5-4fa4-a97d-d965ccfc6d4b" outcome="Passed" testListId="8c84fa94-04c1-424b-9868-57a2d4851a1d" relativeResultsDirectory="af961311-9e23-4798-b5ed-b956a285a47c" />
    <UnitTestResult executionId="75bbb8c1-a754-4354-88f9-c2c10ed5fe98" testId="2db71583-740f-2ab5-139c-cae68541f446" testName="Deve criar cliente se dados validos" computerName="VICTOR" duration="00:00:02.2220205" startTime="2026-08-10T20:01:24.7560934-03:00" endTime="2026-08-10T20:01:26.8299751-03:00" testType="13cdc9d9-ddb5-4fa4-a97d-d965ccfc6d4b" outcome="Passed" testListId="8c84fa94-04c1-424b-9868-57a2d4851a1d" relativeResultsDirectory="75bbb8c1-a754-4354-88f9-c2c10ed5fe98" />
    <UnitTestResult executionId="2f50bf46-d424-488b-8b13-a6a734977429" testId="02ed03ae-bbb5-4bcb-f1b0-7dce5d101963" testName="Agendamento.UnitTests.Subscriptions.SubscriptionDomainTests.CreateTrial_Should_SetStatusToTrialingAnd14DaysDuration" computerName="VICTOR" duration="00:00:00.0426179" startTime="2026-08-10T20:01:24.5644359-03:00" endTime="2026-08-10T20:01:24.7562718-03:00" testType="13cdc9d9-ddb5-4fa4-a97d-d965ccfc6d4b" outcome="Passed" testListId="8c84fa94-04c1-424b-9868-57a2d4851a1d" relativeResultsDirectory="2f50bf46-d424-488b-8b13-a6a734977429" />
    <UnitTestResult executionId="d97b5bc1-b94a-47a4-8e4f-7d21d713555d" testId="ae09602e-db55-3603-a1fd-c0e659c4c33a" testName="CPF e e-mail normalizados identificam uma única pessoa @spec:AC-007" computerName="VICTOR" duration="00:00:00.1549051" startTime="2026-08-10T20:01:24.9267819-03:00" endTime="2026-08-10T20:01:25.0806202-03:00" testType="13cdc9d9-ddb5-4fa4-a97d-d965ccfc6d4b" outcome="Passed" testListId="8c84fa94-04c1-424b-9868-57a2d4851a1d" relativeResultsDirectory="d97b5bc1-b94a-47a4-8e4f-7d21d713555d" />
  </Results>
  <TestDefinitions>
    <UnitTest name="Agendamento.UnitTests.Dashboard.DashboardMetricTests.GenerateCsv_ShouldCreateValidCsvContent" storage="c:\users\victo\onedrive\documentos\projetos\agendamento\tests\agendamento.unittests\bin\debug\net10.0\agendamento.unittests.dll" id="d72e2768-a5e7-636e-1e19-68aa12887f9a">
      <Execution id="c527f655-45aa-4242-92b4-6fccb0d1a372" />
      <TestMethod codeBase="C:\Users\victo\OneDrive\Documentos\projetos\agendamento\tests\Agendamento.UnitTests\bin\Debug\net10.0\Agendamento.UnitTests.dll" adapterTypeName="executor://xunit/VsTestRunner3/netcore/" className="Agendamento.UnitTests.Dashboard.DashboardMetricTests" name="GenerateCsv_ShouldCreateValidCsvContent" />
    </UnitTest>
    <UnitTest name="Agendamento.UnitTests.Tenants.FoodCnaePolicyTests.IsEligible_ShouldReturnTrue_WhenCnaeIsFoodRelated(cnae: &quot;56.11-2-01&quot;)" storage="c:\users\victo\onedrive\documentos\projetos\agendamento\tests\agendamento.unittests\bin\debug\net10.0\agendamento.unittests.dll" id="b2088690-1ee0-3f54-5a61-d2b2fd799ac7">
      <Execution id="9c705020-d9c8-4312-ab22-5cb216a48da0" />
      <TestMethod codeBase="C:\Users\victo\OneDrive\Documentos\projetos\agendamento\tests\Agendamento.UnitTests\bin\Debug\net10.0\Agendamento.UnitTests.dll" adapterTypeName="executor://xunit/VsTestRunner3/netcore/" className="Agendamento.UnitTests.Tenants.FoodCnaePolicyTests" name="IsEligible_ShouldReturnTrue_WhenCnaeIsFoodRelated" />
    </UnitTest>
    <UnitTest name="CreateFromQuotation copia os dados do orçamento quando está aprovado @spec:AC-051 @spec:AC-052" storage="c:\users\victo\onedrive\documentos\projetos\agendamento\tests\agendamento.unittests\bin\debug\net10.0\agendamento.unittests.dll" id="9a85b37a-d8de-b6bb-ac9b-3dea2e6f3a61">
      <Execution id="ccef70cf-1528-49be-9f80-836892c47602" />
      <TestMethod codeBase="C:\Users\victo\OneDrive\Documentos\projetos\agendamento\tests\Agendamento.UnitTests\bin\Debug\net10.0\Agendamento.UnitTests.dll" adapterTypeName="executor://xunit/VsTestRunner3/netcore/" className="Agendamento.UnitTests.WorkOrders.WorkOrderDomainTests" name="CreateFromQuotation_Should_CopyData_When_QuotationIsApproved" />
    </UnitTest>
    <UnitTest name="Agendamento.UnitTests.Tenants.FoodCnaePolicyTests.IsEligible_ShouldReturnTrue_WhenCnaeIsFoodRelated(cnae: &quot;1091102&quot;)" storage="c:\users\victo\onedrive\documentos\projetos\agendamento\tests\agendamento.unittests\bin\debug\net10.0\agendamento.unittests.dll" id="664668a9-0166-4053-a641-ae3859d83de8">
      <Execution id="162e78d8-fcd3-4c1c-b129-4b2950897ad8" />
      <TestMethod codeBase="C:\Users\victo\OneDrive\Documentos\projetos\agendamento\tests\Agendamento.UnitTests\bin\Debug\net10.0\Agendamento.UnitTests.dll" adapterTypeName="executor://xunit/VsTestRunner3/netcore/" className="Agendamento.UnitTests.Tenants.FoodCnaePolicyTests" name="IsEligible_ShouldReturnTrue_WhenCnaeIsFoodRelated" />
    </UnitTest>
    <UnitTest name="Perfil fiscal pertence exclusivamente ao tenant @spec:AC-019" storage="c:\users\victo\onedrive\documentos\projetos\agendamento\tests\agendamento.unittests\bin\debug\net10.0\agendamento.unittests.dll" id="f7e0787d-6fc3-61b7-13ea-e0c8ce4d5af9">
      <Execution id="3365a5b3-0955-45f1-9e1f-eff7ec2456ef" />
      <TestMethod codeBase="C:\Users\victo\OneDrive\Documentos\projetos\agendamento\tests\Agendamento.UnitTests\bin\Debug\net10.0\Agendamento.UnitTests.dll" adapterTypeName="executor://xunit/VsTestRunner3/netcore/" className="Agendamento.UnitTests.Tenants.TenantFiscalProfileTests" name="Create_AssociatesExclusivelyToTenant_WithValidFiscalData" />
    </UnitTest>
    <UnitTest name="Agendamento.UnitTests.Tenants.FoodCnaePolicyTests.IsEligible_ShouldReturnTrue_WhenCnaeIsFoodRelated(cnae: &quot;5621900&quot;)" storage="c:\users\victo\onedrive\documentos\projetos\agendamento\tests\agendamento.unittests\bin\debug\net10.0\agendamento.unittests.dll" id="59274b74-b782-b90e-5236-22a59805ddf4">
      <Execution id="1936d3e4-bae1-44dc-a0b0-df8c3a08e450" />
      <TestMethod codeBase="C:\Users\victo\OneDrive\Documentos\projetos\agendamento\tests\Agendamento.UnitTests\bin\Debug\net10.0\Agendamento.UnitTests.dll" adapterTypeName="executor://xunit/VsTestRunner3/netcore/" className="Agendamento.UnitTests.Tenants.FoodCnaePolicyTests" name="IsEligible_ShouldReturnTrue_WhenCnaeIsFoodRelated" />
    </UnitTest>
    <UnitTest name="Appointment lança exceção quando EndTime é anterior a StartTime @spec:AC-050 @spec:AC-053" storage="c:\users\victo\onedrive\documentos\projetos\agendamento\tests\agendamento.unittests\bin\debug\net10.0\agendamento.unittests.dll" id="183c1e56-72ff-406b-b7a6-bb428b16d10a">
      <Execution id="c4596403-611d-40d7-a8db-7f566562902a" />
      <TestMethod codeBase="C:\Users\victo\OneDrive\Documentos\projetos\agendamento\tests\Agendamento.UnitTests\bin\Debug\net10.0\Agendamento.UnitTests.dll" adapterTypeName="executor://xunit/VsTestRunner3/netcore/" className="Agendamento.UnitTests.WorkOrders.WorkOrderDomainTests" name="Appointment_Should_ThrowException_When_EndTimeIsBeforeStartTime" />
    </UnitTest>
    <UnitTest name="Agendamento.UnitTests.Tenants.FoodCnaePolicyTests.IsEligible_ShouldReturnTrue_WhenCnaeIsFoodRelated(cnae: &quot;1113502&quot;)" storage="c:\users\victo\onedrive\documentos\projetos\agendamento\tests\agendamento.unittests\bin\debug\net10.0\agendamento.unittests.dll" id="ed8c0379-8fd7-6952-0b60-2ec9585fba4e">
      <Execution id="a1fa0cc8-4c23-4ef3-9bcb-36205686a925" />
      <TestMethod codeBase="C:\Users\victo\OneDrive\Documentos\projetos\agendamento\tests\Agendamento.UnitTests\bin\Debug\net10.0\Agendamento.UnitTests.dll" adapterTypeName="executor://xunit/VsTestRunner3/netcore/" className="Agendamento.UnitTests.Tenants.FoodCnaePolicyTests" name="IsEligible_ShouldReturnTrue_WhenCnaeIsFoodRelated" />
    </UnitTest>
    <UnitTest name="Cadastro composto cria todos os vínculos @spec:AC-021" storage="c:\users\victo\onedrive\documentos\projetos\agendamento\tests\agendamento.unittests\bin\debug\net10.0\agendamento.unittests.dll" id="41119ef9-0d41-c600-7bbd-f0cdd08d250d">
      <Execution id="106dbe43-152a-4e66-bc60-403b7c923e04" />
      <TestMethod codeBase="C:\Users\victo\OneDrive\Documentos\projetos\agendamento\tests\Agendamento.UnitTests\bin\Debug\net10.0\Agendamento.UnitTests.dll" adapterTypeName="executor://xunit/VsTestRunner3/netcore/" className="Agendamento.UnitTests.Tenants.TenantPersistenceTests" name="Composite_Registration_Creates_All_Links" />
    </UnitTest>
    <UnitTest name="Agendamento.UnitTests.Tenants.FoodCnaePolicyTests.IsEligible_ShouldReturnFalse_WhenCnaesListIsNull" storage="c:\users\victo\onedrive\documentos\projetos\agendamento\tests\agendamento.unittests\bin\debug\net10.0\agendamento.unittests.dll" id="bcb8c788-2db3-7555-ba79-240f9605e5aa">
      <Execution id="6111433c-0694-413e-a41f-a8a4cee0ba2e" />
      <TestMethod codeBase="C:\Users\victo\OneDrive\Documentos\projetos\agendamento\tests\Agendamento.UnitTests\bin\Debug\net10.0\Agendamento.UnitTests.dll" adapterTypeName="executor://xunit/VsTestRunner3/netcore/" className="Agendamento.UnitTests.Tenants.FoodCnaePolicyTests" name="IsEligible_ShouldReturnFalse_WhenCnaesListIsNull" />
    </UnitTest>
    <UnitTest name="Agendamento.UnitTests.Notifications.NotificationDomainTests.NotificationMessage_MarkAsFailed_Should_Increase_RetryCount_And_Fail_After_3" storage="c:\users\victo\onedrive\documentos\projetos\agendamento\tests\agendamento.unittests\bin\debug\net10.0\agendamento.unittests.dll" id="fbb75024-a331-c451-588b-89219f5bb0f7">
      <Execution id="3ac12972-25b6-4c0e-be45-4a53cae23ea2" />
      <TestMethod codeBase="C:\Users\victo\OneDrive\Documentos\projetos\agendamento\tests\Agendamento.UnitTests\bin\Debug\net10.0\Agendamento.UnitTests.dll" adapterTypeName="executor://xunit/VsTestRunner3/netcore/" className="Agendamento.UnitTests.Notifications.NotificationDomainTests" name="NotificationMessage_MarkAsFailed_Should_Increase_RetryCount_And_Fail_After_3" />
    </UnitTest>
    <UnitTest name="Busca deve permitir filtro parcial e paginacao @spec:AC-043" storage="c:\users\victo\onedrive\documentos\projetos\agendamento\tests\agendamento.unittests\bin\debug\net10.0\agendamento.unittests.dll" id="dcaee891-453b-dc28-11d5-0a0a066ac08f">
      <Execution id="320bf51c-d705-43d2-80a5-b9ded308ac5a" />
      <TestMethod codeBase="C:\Users\victo\OneDrive\Documentos\projetos\agendamento\tests\Agendamento.UnitTests\bin\Debug\net10.0\Agendamento.UnitTests.dll" adapterTypeName="executor://xunit/VsTestRunner3/netcore/" className="Agendamento.UnitTests.Customers.CustomerHandlerTests" name="GetCustomers_ShouldSupportPaginationAndFiltering" />
    </UnitTest>
    <UnitTest name="Agendamento.UnitTests.Financial.FinancialDomainTests.RegisterPayment_ShouldUpdateStatusToPartiallyPaid_WhenPaymentIsLessThanBalance" storage="c:\users\victo\onedrive\documentos\projetos\agendamento\tests\agendamento.unittests\bin\debug\net10.0\agendamento.unittests.dll" id="16fa9fcc-a1c2-59fa-9138-e3c2a89493ed">
      <Execution id="eb5bdc50-19a0-4caf-b3ed-81e44cea55fc" />
      <TestMethod codeBase="C:\Users\victo\OneDrive\Documentos\projetos\agendamento\tests\Agendamento.UnitTests\bin\Debug\net10.0\Agendamento.UnitTests.dll" adapterTypeName="executor://xunit/VsTestRunner3/netcore/" className="Agendamento.UnitTests.Financial.FinancialDomainTests" name="RegisterPayment_ShouldUpdateStatusToPartiallyPaid_WhenPaymentIsLessThanBalance" />
    </UnitTest>
    <UnitTest name="Calcula subtotais, descontos e total geral do orçamento @spec:AC-046" storage="c:\users\victo\onedrive\documentos\projetos\agendamento\tests\agendamento.unittests\bin\debug\net10.0\agendamento.unittests.dll" id="f39e6452-77d0-a685-4aee-7ef03e9afd05">
      <Execution id="2878df8e-54d1-4bd2-8e0d-50c1acd9f85c" />
      <TestMethod codeBase="C:\Users\victo\OneDrive\Documentos\projetos\agendamento\tests\Agendamento.UnitTests\bin\Debug\net10.0\Agendamento.UnitTests.dll" adapterTypeName="executor://xunit/VsTestRunner3/netcore/" className="Agendamento.UnitTests.Quotations.QuotationDomainTests" name="AddItem_ShouldRecalculateTotals" />
    </UnitTest>
    <UnitTest name="CNPJ inválido é rejeitado localmente @spec:AC-014(invalidCnpj: &quot;11.111.111/1111-11&quot;)" storage="c:\users\victo\onedrive\documentos\projetos\agendamento\tests\agendamento.unittests\bin\debug\net10.0\agendamento.unittests.dll" id="396308af-aa5a-af8b-93f3-b23035674026">
      <Execution id="c76734ac-22c6-47ef-af10-1014b3222edb" />
      <TestMethod codeBase="C:\Users\victo\OneDrive\Documentos\projetos\agendamento\tests\Agendamento.UnitTests\bin\Debug\net10.0\Agendamento.UnitTests.dll" adapterTypeName="executor://xunit/VsTestRunner3/netcore/" className="Agendamento.UnitTests.Tenants.CnpjTests" name="Create_ThrowsArgumentException_ForInvalidCnpj" />
    </UnitTest>
    <UnitTest name="Senhas nunca são recuperáveis @spec:AC-008 @principle:P-005" storage="c:\users\victo\onedrive\documentos\projetos\agendamento\tests\agendamento.unittests\bin\debug\net10.0\agendamento.unittests.dll" id="3e73a8d3-29d8-31f0-12f3-74ac7d05f781">
      <Execution id="5d43ef5c-26b1-4c7b-94b7-a70e8daed10b" />
      <TestMethod codeBase="C:\Users\victo\OneDrive\Documentos\projetos\agendamento\tests\Agendamento.UnitTests\bin\Debug\net10.0\Agendamento.UnitTests.dll" adapterTypeName="executor://xunit/VsTestRunner3/netcore/" className="Agendamento.UnitTests.Identity.UserTests" name="Create_StoresOnlyAnIdentityPasswordHash" />
    </UnitTest>
    <UnitTest name="Token válido é consumido somente uma vez @spec:AC-010" storage="c:\users\victo\onedrive\documentos\projetos\agendamento\tests\agendamento.unittests\bin\debug\net10.0\agendamento.unittests.dll" id="a5a7aca3-9e9b-7f23-d24d-dd2beca8f376">
      <Execution id="7b479650-ab01-41f4-80eb-3b348f1288ec" />
      <TestMethod codeBase="C:\Users\victo\OneDrive\Documentos\projetos\agendamento\tests\Agendamento.UnitTests\bin\Debug\net10.0\Agendamento.UnitTests.dll" adapterTypeName="executor://xunit/VsTestRunner3/netcore/" className="Agendamento.UnitTests.Identity.EmailVerificationTokenTests" name="TryConsume_allows_single_use_before_expiration" />
    </UnitTest>
    <UnitTest name="Token inválido, adulterado ou vencido não verifica o e-mail @spec:AC-011(submittedToken: &quot;tampered-token&quot;)" storage="c:\users\victo\onedrive\documentos\projetos\agendamento\tests\agendamento.unittests\bin\debug\net10.0\agendamento.unittests.dll" id="0bac1fe3-a93d-8d57-ad20-0017ee34b69d">
      <Execution id="9454d432-1864-4833-9162-e64a20bf0fe7" />
      <TestMethod codeBase="C:\Users\victo\OneDrive\Documentos\projetos\agendamento\tests\Agendamento.UnitTests\bin\Debug\net10.0\Agendamento.UnitTests.dll" adapterTypeName="executor://xunit/VsTestRunner3/netcore/" className="Agendamento.UnitTests.Identity.EmailVerificationTokenTests" name="Handler_rejects_invalid_tokens_without_confirming_email" />
    </UnitTest>
    <UnitTest name="Agendamento.UnitTests.Subscriptions.SubscriptionDomainTests.MarkAsActive_Should_UpdateStatusAndPeriod" storage="c:\users\victo\onedrive\documentos\projetos\agendamento\tests\agendamento.unittests\bin\debug\net10.0\agendamento.unittests.dll" id="8c57be35-1606-6f33-97d3-1699a0c1fb62">
      <Execution id="cc75fdda-399c-4cb3-a681-aaee9dbfb773" />
      <TestMethod codeBase="C:\Users\victo\OneDrive\Documentos\projetos\agendamento\tests\Agendamento.UnitTests\bin\Debug\net10.0\Agendamento.UnitTests.dll" adapterTypeName="executor://xunit/VsTestRunner3/netcore/" className="Agendamento.UnitTests.Subscriptions.SubscriptionDomainTests" name="MarkAsActive_Should_UpdateStatusAndPeriod" />
    </UnitTest>
    <UnitTest name="Transições de status do orçamento seguem validações de negócio @spec:AC-048" storage="c:\users\victo\onedrive\documentos\projetos\agendamento\tests\agendamento.unittests\bin\debug\net10.0\agendamento.unittests.dll" id="c5669416-af08-a381-0856-fc3c1b5adbf1">
      <Execution id="7e4ecbff-3462-493e-9051-2bd564e3ca21" />
      <TestMethod codeBase="C:\Users\victo\OneDrive\Documentos\projetos\agendamento\tests\Agendamento.UnitTests\bin\Debug\net10.0\Agendamento.UnitTests.dll" adapterTypeName="executor://xunit/VsTestRunner3/netcore/" className="Agendamento.UnitTests.Quotations.QuotationDomainTests" name="StatusTransitions_ShouldFollowBusinessRules" />
    </UnitTest>
    <UnitTest name="CNPJ inválido é rejeitado localmente @spec:AC-014(invalidCnpj: &quot;AB.CDE.FGH/0001-90&quot;)" storage="c:\users\victo\onedrive\documentos\projetos\agendamento\tests\agendamento.unittests\bin\debug\net10.0\agendamento.unittests.dll" id="9e59c70a-5395-4006-a65e-39f9e411df8b">
      <Execution id="a809a9d1-3157-4ed9-a3a3-dd14ec7b1599" />
      <TestMethod codeBase="C:\Users\victo\OneDrive\Documentos\projetos\agendamento\tests\Agendamento.UnitTests\bin\Debug\net10.0\Agendamento.UnitTests.dll" adapterTypeName="executor://xunit/VsTestRunner3/netcore/" className="Agendamento.UnitTests.Tenants.CnpjTests" name="Create_ThrowsArgumentException_ForInvalidCnpj" />
    </UnitTest>
    <UnitTest name="Calcula entrada exigida em valor fixo e saldo restante @spec:AC-046" storage="c:\users\victo\onedrive\documentos\projetos\agendamento\tests\agendamento.unittests\bin\debug\net10.0\agendamento.unittests.dll" id="3f73e4a6-427c-c59b-0ad2-e7acb5664383">
      <Execution id="901e3f09-a5ff-4c9d-8772-4e2c0817154f" />
      <TestMethod codeBase="C:\Users\victo\OneDrive\Documentos\projetos\agendamento\tests\Agendamento.UnitTests\bin\Debug\net10.0\Agendamento.UnitTests.dll" adapterTypeName="executor://xunit/VsTestRunner3/netcore/" className="Agendamento.UnitTests.Quotations.QuotationDomainTests" name="SetDeposit_FixedAmount_ShouldCalculateRemainingBalance" />
    </UnitTest>
    <UnitTest name="CNPJ alfanumérico válido é aceito(input: &quot;12.ABC.345/01DE-35&quot;, expected: &quot;12ABC34501DE35&quot;)" storage="c:\users\victo\onedrive\documentos\projetos\agendamento\tests\agendamento.unittests\bin\debug\net10.0\agendamento.unittests.dll" id="4832df00-01ae-8152-5bd7-9e8be4ee394b">
      <Execution id="83d2e8d9-fdf2-46d5-9ad6-6bbfd1f88ac4" />
      <TestMethod codeBase="C:\Users\victo\OneDrive\Documentos\projetos\agendamento\tests\Agendamento.UnitTests\bin\Debug\net10.0\Agendamento.UnitTests.dll" adapterTypeName="executor://xunit/VsTestRunner3/netcore/" className="Agendamento.UnitTests.Tenants.CnpjTests" name="Create_NormalizesAndAccepts_ValidAlphanumericCnpj" />
    </UnitTest>
    <UnitTest name="CNPJ numérico válido é aceito(input: &quot;19.131.243/0001-97&quot;, expected: &quot;19131243000197&quot;)" storage="c:\users\victo\onedrive\documentos\projetos\agendamento\tests\agendamento.unittests\bin\debug\net10.0\agendamento.unittests.dll" id="f555241f-01ca-e05d-621b-f9044dfc8a6c">
      <Execution id="05cb6bee-6b15-4782-a144-ca122e526897" />
      <TestMethod codeBase="C:\Users\victo\OneDrive\Documentos\projetos\agendamento\tests\Agendamento.UnitTests\bin\Debug\net10.0\Agendamento.UnitTests.dll" adapterTypeName="executor://xunit/VsTestRunner3/netcore/" className="Agendamento.UnitTests.Tenants.CnpjTests" name="Create_NormalizesAndAccepts_ValidNumericCnpj" />
    </UnitTest>
    <UnitTest name="Agendamento.UnitTests.Tenants.FoodCnaePolicyTests.IsEligible_ShouldReturnTrue_WhenCnaeIsFoodRelated(cnae: &quot;4729699&quot;)" storage="c:\users\victo\onedrive\documentos\projetos\agendamento\tests\agendamento.unittests\bin\debug\net10.0\agendamento.unittests.dll" id="22e65293-fd42-8c3f-d45e-61a8cbade853">
      <Execution id="200c5c4f-b490-40f4-9f42-8b604bf5d35d" />
      <TestMethod codeBase="C:\Users\victo\OneDrive\Documentos\projetos\agendamento\tests\Agendamento.UnitTests\bin\Debug\net10.0\Agendamento.UnitTests.dll" adapterTypeName="executor://xunit/VsTestRunner3/netcore/" className="Agendamento.UnitTests.Tenants.FoodCnaePolicyTests" name="IsEligible_ShouldReturnTrue_WhenCnaeIsFoodRelated" />
    </UnitTest>
    <UnitTest name="Marcação de pendente em orçamento sem itens lança exceção @spec:AC-048" storage="c:\users\victo\onedrive\documentos\projetos\agendamento\tests\agendamento.unittests\bin\debug\net10.0\agendamento.unittests.dll" id="3caa686e-5f95-dfaa-fb78-cb1730f4870a">
      <Execution id="53433706-e71e-439d-9f86-a26ec651649b" />
      <TestMethod codeBase="C:\Users\victo\OneDrive\Documentos\projetos\agendamento\tests\Agendamento.UnitTests\bin\Debug\net10.0\Agendamento.UnitTests.dll" adapterTypeName="executor://xunit/VsTestRunner3/netcore/" className="Agendamento.UnitTests.Quotations.QuotationDomainTests" name="MarkAsPending_WithoutItems_ShouldThrowException" />
    </UnitTest>
    <UnitTest name="CNPJ inválido é rejeitado localmente @spec:AC-014(invalidCnpj: &quot;123&quot;)" storage="c:\users\victo\onedrive\documentos\projetos\agendamento\tests\agendamento.unittests\bin\debug\net10.0\agendamento.unittests.dll" id="dfde8078-449c-4b4d-060b-e8239af8abf8">
      <Execution id="8b373a62-2305-49ff-b329-5d883457e815" />
      <TestMethod codeBase="C:\Users\victo\OneDrive\Documentos\projetos\agendamento\tests\Agendamento.UnitTests\bin\Debug\net10.0\Agendamento.UnitTests.dll" adapterTypeName="executor://xunit/VsTestRunner3/netcore/" className="Agendamento.UnitTests.Tenants.CnpjTests" name="Create_ThrowsArgumentException_ForInvalidCnpj" />
    </UnitTest>
    <UnitTest name="Dados obrigatórios são validados na criação do Tenant @spec:AC-018" storage="c:\users\victo\onedrive\documentos\projetos\agendamento\tests\agendamento.unittests\bin\debug\net10.0\agendamento.unittests.dll" id="d373d502-0b8c-7f14-014e-ca19d3df95b8">
      <Execution id="dd21ec7d-2b11-4a32-94ed-b17282fe60ea" />
      <TestMethod codeBase="C:\Users\victo\OneDrive\Documentos\projetos\agendamento\tests\Agendamento.UnitTests\bin\Debug\net10.0\Agendamento.UnitTests.dll" adapterTypeName="executor://xunit/VsTestRunner3/netcore/" className="Agendamento.UnitTests.Tenants.TenantTests" name="Create_ThrowsArgumentException_WhenRequiredDataIsMissing" />
    </UnitTest>
    <UnitTest name="Agendamento.UnitTests.Notifications.NotificationDomainTests.NotificationTemplate_Should_Render_Correctly_With_Variables" storage="c:\users\victo\onedrive\documentos\projetos\agendamento\tests\agendamento.unittests\bin\debug\net10.0\agendamento.unittests.dll" id="a914b70e-0c60-5832-8e29-f99adf042a7e">
      <Execution id="ce336248-67ff-44d7-bc46-a3f8d08747e2" />
      <TestMethod codeBase="C:\Users\victo\OneDrive\Documentos\projetos\agendamento\tests\Agendamento.UnitTests\bin\Debug\net10.0\Agendamento.UnitTests.dll" adapterTypeName="executor://xunit/VsTestRunner3/netcore/" className="Agendamento.UnitTests.Notifications.NotificationDomainTests" name="NotificationTemplate_Should_Render_Correctly_With_Variables" />
    </UnitTest>
    <UnitTest name="Deve criar cliente se dados validos" storage="c:\users\victo\onedrive\documentos\projetos\agendamento\tests\agendamento.unittests\bin\debug\net10.0\agendamento.unittests.dll" id="2db71583-740f-2ab5-139c-cae68541f446">
      <Execution id="75bbb8c1-a754-4354-88f9-c2c10ed5fe98" />
      <TestMethod codeBase="C:\Users\victo\OneDrive\Documentos\projetos\agendamento\tests\Agendamento.UnitTests\bin\Debug\net10.0\Agendamento.UnitTests.dll" adapterTypeName="executor://xunit/VsTestRunner3/netcore/" className="Agendamento.UnitTests.Customers.CustomerHandlerTests" name="CreateCustomer_ShouldAddCustomerToDatabase" />
    </UnitTest>
    <UnitTest name="CNPJ é único globalmente @spec:AC-022" storage="c:\users\victo\onedrive\documentos\projetos\agendamento\tests\agendamento.unittests\bin\debug\net10.0\agendamento.unittests.dll" id="65ca6c8f-ee1a-b481-84e1-c0aa72e9906d">
      <Execution id="6c6d09a9-c9c6-4a89-a31f-8a185b69dc3e" />
      <TestMethod codeBase="C:\Users\victo\OneDrive\Documentos\projetos\agendamento\tests\Agendamento.UnitTests\bin\Debug\net10.0\Agendamento.UnitTests.dll" adapterTypeName="executor://xunit/VsTestRunner3/netcore/" className="Agendamento.UnitTests.Tenants.TenantPersistenceTests" name="Cnpj_Is_Unique_Globally" />
    </UnitTest>
    <UnitTest name="ServiceItem e Quotation implementam ITenantOwned com TenantId @spec:AC-045" storage="c:\users\victo\onedrive\documentos\projetos\agendamento\tests\agendamento.unittests\bin\debug\net10.0\agendamento.unittests.dll" id="8562d143-3b82-27ba-44e9-faf1a99286e9">
      <Execution id="67c5e0b7-fef9-4996-a5e2-3abdbbd6bcc6" />
      <TestMethod codeBase="C:\Users\victo\OneDrive\Documentos\projetos\agendamento\tests\Agendamento.UnitTests\bin\Debug\net10.0\Agendamento.UnitTests.dll" adapterTypeName="executor://xunit/VsTestRunner3/netcore/" className="Agendamento.UnitTests.Quotations.QuotationDomainTests" name="ServiceItem_And_Quotation_ShouldImplement_ITenantOwned" />
    </UnitTest>
    <UnitTest name="Token inválido, adulterado ou vencido não verifica o e-mail @spec:AC-011(submittedToken: &quot;missing-token&quot;)" storage="c:\users\victo\onedrive\documentos\projetos\agendamento\tests\agendamento.unittests\bin\debug\net10.0\agendamento.unittests.dll" id="cfa63183-6c03-cf49-0398-beeb1550aea1">
      <Execution id="ada4fd67-129c-4408-9137-1503b4ef060f" />
      <TestMethod codeBase="C:\Users\victo\OneDrive\Documentos\projetos\agendamento\tests\Agendamento.UnitTests\bin\Debug\net10.0\Agendamento.UnitTests.dll" adapterTypeName="executor://xunit/VsTestRunner3/netcore/" className="Agendamento.UnitTests.Identity.EmailVerificationTokenTests" name="Handler_rejects_invalid_tokens_without_confirming_email" />
    </UnitTest>
    <UnitTest name="Confirmação válida verifica o e-mail uma única vez @spec:AC-010" storage="c:\users\victo\onedrive\documentos\projetos\agendamento\tests\agendamento.unittests\bin\debug\net10.0\agendamento.unittests.dll" id="62630e3f-58c9-07ea-a5f9-260ba8d067dd">
      <Execution id="2c84c513-7321-4f23-87ba-3f742d07523b" />
      <TestMethod codeBase="C:\Users\victo\OneDrive\Documentos\projetos\agendamento\tests\Agendamento.UnitTests\bin\Debug\net10.0\Agendamento.UnitTests.dll" adapterTypeName="executor://xunit/VsTestRunner3/netcore/" className="Agendamento.UnitTests.Identity.EmailVerificationTokenTests" name="Handler_confirms_email_once_for_a_valid_token" />
    </UnitTest>
    <UnitTest name="Agendamento.UnitTests.Tenants.FoodCnaePolicyTests.IsEligible_ShouldReturnFalse_WhenCnaesListIsEmpty" storage="c:\users\victo\onedrive\documentos\projetos\agendamento\tests\agendamento.unittests\bin\debug\net10.0\agendamento.unittests.dll" id="2a064bf9-dc28-3467-d36d-a5561c42ab5b">
      <Execution id="1462b633-62b8-4056-b789-a163d03ecd6a" />
      <TestMethod codeBase="C:\Users\victo\OneDrive\Documentos\projetos\agendamento\tests\Agendamento.UnitTests\bin\Debug\net10.0\Agendamento.UnitTests.dll" adapterTypeName="executor://xunit/VsTestRunner3/netcore/" className="Agendamento.UnitTests.Tenants.FoodCnaePolicyTests" name="IsEligible_ShouldReturnFalse_WhenCnaesListIsEmpty" />
    </UnitTest>
    <UnitTest name="Token vencido não pode ser consumido @spec:AC-011" storage="c:\users\victo\onedrive\documentos\projetos\agendamento\tests\agendamento.unittests\bin\debug\net10.0\agendamento.unittests.dll" id="3cfea131-190c-a505-58e6-ebf96c4a0e1d">
      <Execution id="b29bfa3a-d65d-4836-9c94-74251e2458ec" />
      <TestMethod codeBase="C:\Users\victo\OneDrive\Documentos\projetos\agendamento\tests\Agendamento.UnitTests\bin\Debug\net10.0\Agendamento.UnitTests.dll" adapterTypeName="executor://xunit/VsTestRunner3/netcore/" className="Agendamento.UnitTests.Identity.EmailVerificationTokenTests" name="TryConsume_rejects_expired_token" />
    </UnitTest>
    <UnitTest name="Agendamento.UnitTests.Notifications.NotificationDomainTests.NotificationMessage_Create_Should_Start_With_Pending_Status" storage="c:\users\victo\onedrive\documentos\projetos\agendamento\tests\agendamento.unittests\bin\debug\net10.0\agendamento.unittests.dll" id="8c2f1b76-7aca-971a-6053-a19e7908b574">
      <Execution id="f3846b57-74cb-45de-ba92-441a0344a04b" />
      <TestMethod codeBase="C:\Users\victo\OneDrive\Documentos\projetos\agendamento\tests\Agendamento.UnitTests\bin\Debug\net10.0\Agendamento.UnitTests.dll" adapterTypeName="executor://xunit/VsTestRunner3/netcore/" className="Agendamento.UnitTests.Notifications.NotificationDomainTests" name="NotificationMessage_Create_Should_Start_With_Pending_Status" />
    </UnitTest>
    <UnitTest name="Token de e-mail é armazenado somente como digest e expira em 24 horas @spec:AC-009 @principle:P-005" storage="c:\users\victo\onedrive\documentos\projetos\agendamento\tests\agendamento.unittests\bin\debug\net10.0\agendamento.unittests.dll" id="af87e71a-38ad-89d8-279d-1b4234fd4a11">
      <Execution id="7a2d716a-ad13-4408-b570-e58a86c59eaa" />
      <TestMethod codeBase="C:\Users\victo\OneDrive\Documentos\projetos\agendamento\tests\Agendamento.UnitTests\bin\Debug\net10.0\Agendamento.UnitTests.dll" adapterTypeName="executor://xunit/VsTestRunner3/netcore/" className="Agendamento.UnitTests.Identity.EmailVerificationTokenTests" name="Create_stores_digest_and_sets_24_hour_expiration" />
    </UnitTest>
    <UnitTest name="Agendamento.UnitTests.Tenants.FoodCnaePolicyTests.IsEligible_ShouldReturnFalse_WhenNoFoodCnaeIsPresent" storage="c:\users\victo\onedrive\documentos\projetos\agendamento\tests\agendamento.unittests\bin\debug\net10.0\agendamento.unittests.dll" id="5480304e-1da3-9c04-b092-42a309f49bf0">
      <Execution id="75a2daf1-62f9-4ed9-abb1-5e7096d7bb34" />
      <TestMethod codeBase="C:\Users\victo\OneDrive\Documentos\projetos\agendamento\tests\Agendamento.UnitTests\bin\Debug\net10.0\Agendamento.UnitTests.dll" adapterTypeName="executor://xunit/VsTestRunner3/netcore/" className="Agendamento.UnitTests.Tenants.FoodCnaePolicyTests" name="IsEligible_ShouldReturnFalse_WhenNoFoodCnaeIsPresent" />
    </UnitTest>
    <UnitTest name="CNPJ é único globalmente (normalização consistente) @spec:AC-022" storage="c:\users\victo\onedrive\documentos\projetos\agendamento\tests\agendamento.unittests\bin\debug\net10.0\agendamento.unittests.dll" id="65093bbf-b8dd-ece0-d28c-4f2753fee566">
      <Execution id="ab868cf0-2c9b-4607-9192-04caaad74670" />
      <TestMethod codeBase="C:\Users\victo\OneDrive\Documentos\projetos\agendamento\tests\Agendamento.UnitTests\bin\Debug\net10.0\Agendamento.UnitTests.dll" adapterTypeName="executor://xunit/VsTestRunner3/netcore/" className="Agendamento.UnitTests.Tenants.CnpjTests" name="Create_NormalizesCasingAndPunctuation_ForGlobalIdentity" />
    </UnitTest>
    <UnitTest name="Agendamento.UnitTests.Financial.FinancialDomainTests.CheckOverdue_ShouldNotUpdateStatus_WhenDueDateIsFuture" storage="c:\users\victo\onedrive\documentos\projetos\agendamento\tests\agendamento.unittests\bin\debug\net10.0\agendamento.unittests.dll" id="8279f0e4-7a12-bd5e-6a79-859250bc1683">
      <Execution id="dd03c385-2a90-449b-9b11-b550054a39fc" />
      <TestMethod codeBase="C:\Users\victo\OneDrive\Documentos\projetos\agendamento\tests\Agendamento.UnitTests\bin\Debug\net10.0\Agendamento.UnitTests.dll" adapterTypeName="executor://xunit/VsTestRunner3/netcore/" className="Agendamento.UnitTests.Financial.FinancialDomainTests" name="CheckOverdue_ShouldNotUpdateStatus_WhenDueDateIsFuture" />
    </UnitTest>
    <UnitTest name="Tenant é criado com sucesso quando todos os dados são válidos" storage="c:\users\victo\onedrive\documentos\projetos\agendamento\tests\agendamento.unittests\bin\debug\net10.0\agendamento.unittests.dll" id="feac7df1-8e67-dd51-f64a-ebc06e60d701">
      <Execution id="377c16dc-d315-417f-9b32-de9cbd200e6b" />
      <TestMethod codeBase="C:\Users\victo\OneDrive\Documentos\projetos\agendamento\tests\Agendamento.UnitTests\bin\Debug\net10.0\Agendamento.UnitTests.dll" adapterTypeName="executor://xunit/VsTestRunner3/netcore/" className="Agendamento.UnitTests.Tenants.TenantTests" name="Create_ReturnsTenant_WhenAllDataIsValid" />
    </UnitTest>
    <UnitTest name="Calcula entrada exigida em porcentagem e saldo restante @spec:AC-046" storage="c:\users\victo\onedrive\documentos\projetos\agendamento\tests\agendamento.unittests\bin\debug\net10.0\agendamento.unittests.dll" id="392c8bf0-bcda-ecc6-bb6b-d4489654b8e0">
      <Execution id="bfd0b1a6-bb92-4b35-8db8-fc204191ad27" />
      <TestMethod codeBase="C:\Users\victo\OneDrive\Documentos\projetos\agendamento\tests\Agendamento.UnitTests\bin\Debug\net10.0\Agendamento.UnitTests.dll" adapterTypeName="executor://xunit/VsTestRunner3/netcore/" className="Agendamento.UnitTests.Quotations.QuotationDomainTests" name="SetDeposit_Percentage_ShouldCalculateRequiredAmount" />
    </UnitTest>
    <UnitTest name="Cadastro inicial não coleta dados financeiros ou documentos @spec:AC-020" storage="c:\users\victo\onedrive\documentos\projetos\agendamento\tests\agendamento.unittests\bin\debug\net10.0\agendamento.unittests.dll" id="8eae7c49-7daf-140e-1606-0b6942e5dcf2">
      <Execution id="c739ed93-f00c-49b8-80e7-ce1c98373b19" />
      <TestMethod codeBase="C:\Users\victo\OneDrive\Documentos\projetos\agendamento\tests\Agendamento.UnitTests\bin\Debug\net10.0\Agendamento.UnitTests.dll" adapterTypeName="executor://xunit/VsTestRunner3/netcore/" className="Agendamento.UnitTests.Tenants.TenantTests" name="Tenant_DoesNotContain_FinancialOrKycFields" />
    </UnitTest>
    <UnitTest name="Agendamento.UnitTests.Subscriptions.SubscriptionDomainTests.CreateTrial_Should_SetStatusToTrialingAnd14DaysDuration" storage="c:\users\victo\onedrive\documentos\projetos\agendamento\tests\agendamento.unittests\bin\debug\net10.0\agendamento.unittests.dll" id="02ed03ae-bbb5-4bcb-f1b0-7dce5d101963">
      <Execution id="2f50bf46-d424-488b-8b13-a6a734977429" />
      <TestMethod codeBase="C:\Users\victo\OneDrive\Documentos\projetos\agendamento\tests\Agendamento.UnitTests\bin\Debug\net10.0\Agendamento.UnitTests.dll" adapterTypeName="executor://xunit/VsTestRunner3/netcore/" className="Agendamento.UnitTests.Subscriptions.SubscriptionDomainTests" name="CreateTrial_Should_SetStatusToTrialingAnd14DaysDuration" />
    </UnitTest>
    <UnitTest name="CPF e e-mail normalizados identificam uma única pessoa @spec:AC-007" storage="c:\users\victo\onedrive\documentos\projetos\agendamento\tests\agendamento.unittests\bin\debug\net10.0\agendamento.unittests.dll" id="ae09602e-db55-3603-a1fd-c0e659c4c33a">
      <Execution id="d97b5bc1-b94a-47a4-8e4f-7d21d713555d" />
      <TestMethod codeBase="C:\Users\victo\OneDrive\Documentos\projetos\agendamento\tests\Agendamento.UnitTests\bin\Debug\net10.0\Agendamento.UnitTests.dll" adapterTypeName="executor://xunit/VsTestRunner3/netcore/" className="Agendamento.UnitTests.Identity.UserTests" name="Create_NormalizesCpfAndEmail_ForGlobalIdentity" />
    </UnitTest>
    <UnitTest name="CNPJ numérico válido é aceito(input: &quot;11.222.333/0001-81&quot;, expected: &quot;11222333000181&quot;)" storage="c:\users\victo\onedrive\documentos\projetos\agendamento\tests\agendamento.unittests\bin\debug\net10.0\agendamento.unittests.dll" id="eedf0451-2aff-7ef7-c63f-114aee486d06">
      <Execution id="a5e80415-9522-4e51-a780-4dda6966966f" />
      <TestMethod codeBase="C:\Users\victo\OneDrive\Documentos\projetos\agendamento\tests\Agendamento.UnitTests\bin\Debug\net10.0\Agendamento.UnitTests.dll" adapterTypeName="executor://xunit/VsTestRunner3/netcore/" className="Agendamento.UnitTests.Tenants.CnpjTests" name="Create_NormalizesAndAccepts_ValidNumericCnpj" />
    </UnitTest>
    <UnitTest name="CreateFromQuotation lança exceção quando o orçamento não está aprovado @spec:AC-051" storage="c:\users\victo\onedrive\documentos\projetos\agendamento\tests\agendamento.unittests\bin\debug\net10.0\agendamento.unittests.dll" id="ddf90519-375a-ef32-e409-90558364c665">
      <Execution id="b74db28d-c90b-4487-8008-61e0fd515668" />
      <TestMethod codeBase="C:\Users\victo\OneDrive\Documentos\projetos\agendamento\tests\Agendamento.UnitTests\bin\Debug\net10.0\Agendamento.UnitTests.dll" adapterTypeName="executor://xunit/VsTestRunner3/netcore/" className="Agendamento.UnitTests.WorkOrders.WorkOrderDomainTests" name="CreateFromQuotation_Should_ThrowException_When_QuotationIsNotApproved" />
    </UnitTest>
    <UnitTest name="Aprovação de orçamento expirado lança exceção @spec:AC-048" storage="c:\users\victo\onedrive\documentos\projetos\agendamento\tests\agendamento.unittests\bin\debug\net10.0\agendamento.unittests.dll" id="a8e04767-ac41-1f32-c947-bd5df33151ec">
      <Execution id="fcc34363-2d65-41be-9c4f-276f7d48beab" />
      <TestMethod codeBase="C:\Users\victo\OneDrive\Documentos\projetos\agendamento\tests\Agendamento.UnitTests\bin\Debug\net10.0\Agendamento.UnitTests.dll" adapterTypeName="executor://xunit/VsTestRunner3/netcore/" className="Agendamento.UnitTests.Quotations.QuotationDomainTests" name="Approve_ExpiredQuotation_ShouldThrowException" />
    </UnitTest>
    <UnitTest name="CNPJ inválido é rejeitado localmente @spec:AC-014(invalidCnpj: &quot;12.345.678/ABCD-00&quot;)" storage="c:\users\victo\onedrive\documentos\projetos\agendamento\tests\agendamento.unittests\bin\debug\net10.0\agendamento.unittests.dll" id="b55ed352-cfa6-9e5f-a442-8589ed4fe3e5">
      <Execution id="1a3d5675-988f-4871-8138-24dbfba8db81" />
      <TestMethod codeBase="C:\Users\victo\OneDrive\Documentos\projetos\agendamento\tests\Agendamento.UnitTests\bin\Debug\net10.0\Agendamento.UnitTests.dll" adapterTypeName="executor://xunit/VsTestRunner3/netcore/" className="Agendamento.UnitTests.Tenants.CnpjTests" name="Create_ThrowsArgumentException_ForInvalidCnpj" />
    </UnitTest>
    <UnitTest name="Deve validar formato de CPF/CNPJ @spec:AC-042" storage="c:\users\victo\onedrive\documentos\projetos\agendamento\tests\agendamento.unittests\bin\debug\net10.0\agendamento.unittests.dll" id="3c106023-1498-d25a-6024-fc7cd1291e77">
      <Execution id="5b1ca5a4-b34d-49ab-afb2-1e641af96af5" />
      <TestMethod codeBase="C:\Users\victo\OneDrive\Documentos\projetos\agendamento\tests\Agendamento.UnitTests\bin\Debug\net10.0\Agendamento.UnitTests.dll" adapterTypeName="executor://xunit/VsTestRunner3/netcore/" className="Agendamento.UnitTests.Customers.CustomerHandlerTests" name="CreateCustomerDocument_ShouldValidateFormat" />
    </UnitTest>
    <UnitTest name="CNPJ inválido é rejeitado localmente @spec:AC-014(invalidCnpj: &quot;12.345.678/0001-90&quot;)" storage="c:\users\victo\onedrive\documentos\projetos\agendamento\tests\agendamento.unittests\bin\debug\net10.0\agendamento.unittests.dll" id="03b5f81e-f392-fb43-df60-8f13357d4744">
      <Execution id="8a846ecf-e9d2-4f76-914d-adf8ea2786c4" />
      <TestMethod codeBase="C:\Users\victo\OneDrive\Documentos\projetos\agendamento\tests\Agendamento.UnitTests\bin\Debug\net10.0\Agendamento.UnitTests.dll" adapterTypeName="executor://xunit/VsTestRunner3/netcore/" className="Agendamento.UnitTests.Tenants.CnpjTests" name="Create_ThrowsArgumentException_ForInvalidCnpj" />
    </UnitTest>
    <UnitTest name="Repetição idempotente não duplica o cadastro @spec:AC-023" storage="c:\users\victo\onedrive\documentos\projetos\agendamento\tests\agendamento.unittests\bin\debug\net10.0\agendamento.unittests.dll" id="7903b7d7-f3f6-0d3c-1da6-d1e65a257d5d">
      <Execution id="538d369d-873b-43a1-9419-51e4244659e3" />
      <TestMethod codeBase="C:\Users\victo\OneDrive\Documentos\projetos\agendamento\tests\Agendamento.UnitTests\bin\Debug\net10.0\Agendamento.UnitTests.dll" adapterTypeName="executor://xunit/VsTestRunner3/netcore/" className="Agendamento.UnitTests.Tenants.RegisterTenantHandlerTests" name="Handler_ShouldBeIdempotent" />
    </UnitTest>
    <UnitTest name="Perfil fiscal pertence exclusivamente ao tenant @spec:AC-019" storage="c:\users\victo\onedrive\documentos\projetos\agendamento\tests\agendamento.unittests\bin\debug\net10.0\agendamento.unittests.dll" id="1f140a23-6c8c-89d0-4008-92602d6fcc50">
      <Execution id="d22f83e1-77e7-412d-b49a-9c44a094a197" />
      <TestMethod codeBase="C:\Users\victo\OneDrive\Documentos\projetos\agendamento\tests\Agendamento.UnitTests\bin\Debug\net10.0\Agendamento.UnitTests.dll" adapterTypeName="executor://xunit/VsTestRunner3/netcore/" className="Agendamento.UnitTests.Tenants.TenantPersistenceTests" name="FiscalProfile_Belongs_To_Tenant" />
    </UnitTest>
    <UnitTest name="Agendamento.UnitTests.Tenants.FoodCnaePolicyTests.IsEligible_ShouldReturnTrue_WhenCnaeIsFoodRelated(cnae: &quot;4711302&quot;)" storage="c:\users\victo\onedrive\documentos\projetos\agendamento\tests\agendamento.unittests\bin\debug\net10.0\agendamento.unittests.dll" id="1dafc3bd-6248-d7b3-505c-2e46b223fdbe">
      <Execution id="538d8ff3-7b97-4dec-9220-1e5285d762ae" />
      <TestMethod codeBase="C:\Users\victo\OneDrive\Documentos\projetos\agendamento\tests\Agendamento.UnitTests\bin\Debug\net10.0\Agendamento.UnitTests.dll" adapterTypeName="executor://xunit/VsTestRunner3/netcore/" className="Agendamento.UnitTests.Tenants.FoodCnaePolicyTests" name="IsEligible_ShouldReturnTrue_WhenCnaeIsFoodRelated" />
    </UnitTest>
    <UnitTest name="Agendamento.UnitTests.Financial.FinancialDomainTests.RegisterPayment_ShouldThrowException_WhenPaymentExceedsBalance" storage="c:\users\victo\onedrive\documentos\projetos\agendamento\tests\agendamento.unittests\bin\debug\net10.0\agendamento.unittests.dll" id="4552b24e-8008-ee31-31c2-f0a979399c16">
      <Execution id="af961311-9e23-4798-b5ed-b956a285a47c" />
      <TestMethod codeBase="C:\Users\victo\OneDrive\Documentos\projetos\agendamento\tests\Agendamento.UnitTests\bin\Debug\net10.0\Agendamento.UnitTests.dll" adapterTypeName="executor://xunit/VsTestRunner3/netcore/" className="Agendamento.UnitTests.Financial.FinancialDomainTests" name="RegisterPayment_ShouldThrowException_WhenPaymentExceedsBalance" />
    </UnitTest>
    <UnitTest name="Agendamento.UnitTests.Financial.FinancialDomainTests.RegisterPayment_ShouldUpdateStatusToPaid_WhenPaymentEqualsBalance" storage="c:\users\victo\onedrive\documentos\projetos\agendamento\tests\agendamento.unittests\bin\debug\net10.0\agendamento.unittests.dll" id="c37b1869-f1c2-37f2-5b82-e814a41cc386">
      <Execution id="7c5b0d05-211f-4954-8ce0-49d90e3e2d9f" />
      <TestMethod codeBase="C:\Users\victo\OneDrive\Documentos\projetos\agendamento\tests\Agendamento.UnitTests\bin\Debug\net10.0\Agendamento.UnitTests.dll" adapterTypeName="executor://xunit/VsTestRunner3/netcore/" className="Agendamento.UnitTests.Financial.FinancialDomainTests" name="RegisterPayment_ShouldUpdateStatusToPaid_WhenPaymentEqualsBalance" />
    </UnitTest>
    <UnitTest name="CNPJ inválido é rejeitado localmente @spec:AC-014(invalidCnpj: &quot;00.000.000/0000-00&quot;)" storage="c:\users\victo\onedrive\documentos\projetos\agendamento\tests\agendamento.unittests\bin\debug\net10.0\agendamento.unittests.dll" id="652b69e2-cfc8-f8b9-7cd7-683c8be24209">
      <Execution id="51ee22ec-a1a3-452f-95d4-170662333ed5" />
      <TestMethod codeBase="C:\Users\victo\OneDrive\Documentos\projetos\agendamento\tests\Agendamento.UnitTests\bin\Debug\net10.0\Agendamento.UnitTests.dll" adapterTypeName="executor://xunit/VsTestRunner3/netcore/" className="Agendamento.UnitTests.Tenants.CnpjTests" name="Create_ThrowsArgumentException_ForInvalidCnpj" />
    </UnitTest>
    <UnitTest name="Agendamento.UnitTests.Financial.FinancialDomainTests.CheckOverdue_ShouldUpdateStatusToOverdue_WhenDueDateIsPast" storage="c:\users\victo\onedrive\documentos\projetos\agendamento\tests\agendamento.unittests\bin\debug\net10.0\agendamento.unittests.dll" id="cb978f14-3905-bf3f-227f-2f7cb7f78c31">
      <Execution id="6a987941-378e-4cf0-917b-9046107d9067" />
      <TestMethod codeBase="C:\Users\victo\OneDrive\Documentos\projetos\agendamento\tests\Agendamento.UnitTests\bin\Debug\net10.0\Agendamento.UnitTests.dll" adapterTypeName="executor://xunit/VsTestRunner3/netcore/" className="Agendamento.UnitTests.Financial.FinancialDomainTests" name="CheckOverdue_ShouldUpdateStatusToOverdue_WhenDueDateIsPast" />
    </UnitTest>
  </TestDefinitions>
  <TestEntries>
    <TestEntry testId="b55ed352-cfa6-9e5f-a442-8589ed4fe3e5" executionId="1a3d5675-988f-4871-8138-24dbfba8db81" testListId="8c84fa94-04c1-424b-9868-57a2d4851a1d" />
    <TestEntry testId="8562d143-3b82-27ba-44e9-faf1a99286e9" executionId="67c5e0b7-fef9-4996-a5e2-3abdbbd6bcc6" testListId="8c84fa94-04c1-424b-9868-57a2d4851a1d" />
    <TestEntry testId="65093bbf-b8dd-ece0-d28c-4f2753fee566" executionId="ab868cf0-2c9b-4607-9192-04caaad74670" testListId="8c84fa94-04c1-424b-9868-57a2d4851a1d" />
    <TestEntry testId="d373d502-0b8c-7f14-014e-ca19d3df95b8" executionId="dd21ec7d-2b11-4a32-94ed-b17282fe60ea" testListId="8c84fa94-04c1-424b-9868-57a2d4851a1d" />
    <TestEntry testId="664668a9-0166-4053-a641-ae3859d83de8" executionId="162e78d8-fcd3-4c1c-b129-4b2950897ad8" testListId="8c84fa94-04c1-424b-9868-57a2d4851a1d" />
    <TestEntry testId="b2088690-1ee0-3f54-5a61-d2b2fd799ac7" executionId="9c705020-d9c8-4312-ab22-5cb216a48da0" testListId="8c84fa94-04c1-424b-9868-57a2d4851a1d" />
    <TestEntry testId="bcb8c788-2db3-7555-ba79-240f9605e5aa" executionId="6111433c-0694-413e-a41f-a8a4cee0ba2e" testListId="8c84fa94-04c1-424b-9868-57a2d4851a1d" />
    <TestEntry testId="59274b74-b782-b90e-5236-22a59805ddf4" executionId="1936d3e4-bae1-44dc-a0b0-df8c3a08e450" testListId="8c84fa94-04c1-424b-9868-57a2d4851a1d" />
    <TestEntry testId="c37b1869-f1c2-37f2-5b82-e814a41cc386" executionId="7c5b0d05-211f-4954-8ce0-49d90e3e2d9f" testListId="8c84fa94-04c1-424b-9868-57a2d4851a1d" />
    <TestEntry testId="22e65293-fd42-8c3f-d45e-61a8cbade853" executionId="200c5c4f-b490-40f4-9f42-8b604bf5d35d" testListId="8c84fa94-04c1-424b-9868-57a2d4851a1d" />
    <TestEntry testId="1f140a23-6c8c-89d0-4008-92602d6fcc50" executionId="d22f83e1-77e7-412d-b49a-9c44a094a197" testListId="8c84fa94-04c1-424b-9868-57a2d4851a1d" />
    <TestEntry testId="9e59c70a-5395-4006-a65e-39f9e411df8b" executionId="a809a9d1-3157-4ed9-a3a3-dd14ec7b1599" testListId="8c84fa94-04c1-424b-9868-57a2d4851a1d" />
    <TestEntry testId="5480304e-1da3-9c04-b092-42a309f49bf0" executionId="75a2daf1-62f9-4ed9-abb1-5e7096d7bb34" testListId="8c84fa94-04c1-424b-9868-57a2d4851a1d" />
    <TestEntry testId="ed8c0379-8fd7-6952-0b60-2ec9585fba4e" executionId="a1fa0cc8-4c23-4ef3-9bcb-36205686a925" testListId="8c84fa94-04c1-424b-9868-57a2d4851a1d" />
    <TestEntry testId="9a85b37a-d8de-b6bb-ac9b-3dea2e6f3a61" executionId="ccef70cf-1528-49be-9f80-836892c47602" testListId="8c84fa94-04c1-424b-9868-57a2d4851a1d" />
    <TestEntry testId="fbb75024-a331-c451-588b-89219f5bb0f7" executionId="3ac12972-25b6-4c0e-be45-4a53cae23ea2" testListId="8c84fa94-04c1-424b-9868-57a2d4851a1d" />
    <TestEntry testId="1dafc3bd-6248-d7b3-505c-2e46b223fdbe" executionId="538d8ff3-7b97-4dec-9220-1e5285d762ae" testListId="8c84fa94-04c1-424b-9868-57a2d4851a1d" />
    <TestEntry testId="cb978f14-3905-bf3f-227f-2f7cb7f78c31" executionId="6a987941-378e-4cf0-917b-9046107d9067" testListId="8c84fa94-04c1-424b-9868-57a2d4851a1d" />
    <TestEntry testId="dfde8078-449c-4b4d-060b-e8239af8abf8" executionId="8b373a62-2305-49ff-b329-5d883457e815" testListId="8c84fa94-04c1-424b-9868-57a2d4851a1d" />
    <TestEntry testId="2a064bf9-dc28-3467-d36d-a5561c42ab5b" executionId="1462b633-62b8-4056-b789-a163d03ecd6a" testListId="8c84fa94-04c1-424b-9868-57a2d4851a1d" />
    <TestEntry testId="652b69e2-cfc8-f8b9-7cd7-683c8be24209" executionId="51ee22ec-a1a3-452f-95d4-170662333ed5" testListId="8c84fa94-04c1-424b-9868-57a2d4851a1d" />
    <TestEntry testId="16fa9fcc-a1c2-59fa-9138-e3c2a89493ed" executionId="eb5bdc50-19a0-4caf-b3ed-81e44cea55fc" testListId="8c84fa94-04c1-424b-9868-57a2d4851a1d" />
    <TestEntry testId="396308af-aa5a-af8b-93f3-b23035674026" executionId="c76734ac-22c6-47ef-af10-1014b3222edb" testListId="8c84fa94-04c1-424b-9868-57a2d4851a1d" />
    <TestEntry testId="3e73a8d3-29d8-31f0-12f3-74ac7d05f781" executionId="5d43ef5c-26b1-4c7b-94b7-a70e8daed10b" testListId="8c84fa94-04c1-424b-9868-57a2d4851a1d" />
    <TestEntry testId="dcaee891-453b-dc28-11d5-0a0a066ac08f" executionId="320bf51c-d705-43d2-80a5-b9ded308ac5a" testListId="8c84fa94-04c1-424b-9868-57a2d4851a1d" />
    <TestEntry testId="3cfea131-190c-a505-58e6-ebf96c4a0e1d" executionId="b29bfa3a-d65d-4836-9c94-74251e2458ec" testListId="8c84fa94-04c1-424b-9868-57a2d4851a1d" />
    <TestEntry testId="3f73e4a6-427c-c59b-0ad2-e7acb5664383" executionId="901e3f09-a5ff-4c9d-8772-4e2c0817154f" testListId="8c84fa94-04c1-424b-9868-57a2d4851a1d" />
    <TestEntry testId="ddf90519-375a-ef32-e409-90558364c665" executionId="b74db28d-c90b-4487-8008-61e0fd515668" testListId="8c84fa94-04c1-424b-9868-57a2d4851a1d" />
    <TestEntry testId="4832df00-01ae-8152-5bd7-9e8be4ee394b" executionId="83d2e8d9-fdf2-46d5-9ad6-6bbfd1f88ac4" testListId="8c84fa94-04c1-424b-9868-57a2d4851a1d" />
    <TestEntry testId="65ca6c8f-ee1a-b481-84e1-c0aa72e9906d" executionId="6c6d09a9-c9c6-4a89-a31f-8a185b69dc3e" testListId="8c84fa94-04c1-424b-9868-57a2d4851a1d" />
    <TestEntry testId="183c1e56-72ff-406b-b7a6-bb428b16d10a" executionId="c4596403-611d-40d7-a8db-7f566562902a" testListId="8c84fa94-04c1-424b-9868-57a2d4851a1d" />
    <TestEntry testId="3caa686e-5f95-dfaa-fb78-cb1730f4870a" executionId="53433706-e71e-439d-9f86-a26ec651649b" testListId="8c84fa94-04c1-424b-9868-57a2d4851a1d" />
    <TestEntry testId="a914b70e-0c60-5832-8e29-f99adf042a7e" executionId="ce336248-67ff-44d7-bc46-a3f8d08747e2" testListId="8c84fa94-04c1-424b-9868-57a2d4851a1d" />
    <TestEntry testId="41119ef9-0d41-c600-7bbd-f0cdd08d250d" executionId="106dbe43-152a-4e66-bc60-403b7c923e04" testListId="8c84fa94-04c1-424b-9868-57a2d4851a1d" />
    <TestEntry testId="03b5f81e-f392-fb43-df60-8f13357d4744" executionId="8a846ecf-e9d2-4f76-914d-adf8ea2786c4" testListId="8c84fa94-04c1-424b-9868-57a2d4851a1d" />
    <TestEntry testId="a5a7aca3-9e9b-7f23-d24d-dd2beca8f376" executionId="7b479650-ab01-41f4-80eb-3b348f1288ec" testListId="8c84fa94-04c1-424b-9868-57a2d4851a1d" />
    <TestEntry testId="cfa63183-6c03-cf49-0398-beeb1550aea1" executionId="ada4fd67-129c-4408-9137-1503b4ef060f" testListId="8c84fa94-04c1-424b-9868-57a2d4851a1d" />
    <TestEntry testId="0bac1fe3-a93d-8d57-ad20-0017ee34b69d" executionId="9454d432-1864-4833-9162-e64a20bf0fe7" testListId="8c84fa94-04c1-424b-9868-57a2d4851a1d" />
    <TestEntry testId="8279f0e4-7a12-bd5e-6a79-859250bc1683" executionId="dd03c385-2a90-449b-9b11-b550054a39fc" testListId="8c84fa94-04c1-424b-9868-57a2d4851a1d" />
    <TestEntry testId="eedf0451-2aff-7ef7-c63f-114aee486d06" executionId="a5e80415-9522-4e51-a780-4dda6966966f" testListId="8c84fa94-04c1-424b-9868-57a2d4851a1d" />
    <TestEntry testId="c5669416-af08-a381-0856-fc3c1b5adbf1" executionId="7e4ecbff-3462-493e-9051-2bd564e3ca21" testListId="8c84fa94-04c1-424b-9868-57a2d4851a1d" />
    <TestEntry testId="8c57be35-1606-6f33-97d3-1699a0c1fb62" executionId="cc75fdda-399c-4cb3-a681-aaee9dbfb773" testListId="8c84fa94-04c1-424b-9868-57a2d4851a1d" />
    <TestEntry testId="f555241f-01ca-e05d-621b-f9044dfc8a6c" executionId="05cb6bee-6b15-4782-a144-ca122e526897" testListId="8c84fa94-04c1-424b-9868-57a2d4851a1d" />
    <TestEntry testId="feac7df1-8e67-dd51-f64a-ebc06e60d701" executionId="377c16dc-d315-417f-9b32-de9cbd200e6b" testListId="8c84fa94-04c1-424b-9868-57a2d4851a1d" />
    <TestEntry testId="f7e0787d-6fc3-61b7-13ea-e0c8ce4d5af9" executionId="3365a5b3-0955-45f1-9e1f-eff7ec2456ef" testListId="8c84fa94-04c1-424b-9868-57a2d4851a1d" />
    <TestEntry testId="7903b7d7-f3f6-0d3c-1da6-d1e65a257d5d" executionId="538d369d-873b-43a1-9419-51e4244659e3" testListId="8c84fa94-04c1-424b-9868-57a2d4851a1d" />
    <TestEntry testId="af87e71a-38ad-89d8-279d-1b4234fd4a11" executionId="7a2d716a-ad13-4408-b570-e58a86c59eaa" testListId="8c84fa94-04c1-424b-9868-57a2d4851a1d" />
    <TestEntry testId="3c106023-1498-d25a-6024-fc7cd1291e77" executionId="5b1ca5a4-b34d-49ab-afb2-1e641af96af5" testListId="8c84fa94-04c1-424b-9868-57a2d4851a1d" />
    <TestEntry testId="f39e6452-77d0-a685-4aee-7ef03e9afd05" executionId="2878df8e-54d1-4bd2-8e0d-50c1acd9f85c" testListId="8c84fa94-04c1-424b-9868-57a2d4851a1d" />
    <TestEntry testId="8c2f1b76-7aca-971a-6053-a19e7908b574" executionId="f3846b57-74cb-45de-ba92-441a0344a04b" testListId="8c84fa94-04c1-424b-9868-57a2d4851a1d" />
    <TestEntry testId="d72e2768-a5e7-636e-1e19-68aa12887f9a" executionId="c527f655-45aa-4242-92b4-6fccb0d1a372" testListId="8c84fa94-04c1-424b-9868-57a2d4851a1d" />
    <TestEntry testId="62630e3f-58c9-07ea-a5f9-260ba8d067dd" executionId="2c84c513-7321-4f23-87ba-3f742d07523b" testListId="8c84fa94-04c1-424b-9868-57a2d4851a1d" />
    <TestEntry testId="392c8bf0-bcda-ecc6-bb6b-d4489654b8e0" executionId="bfd0b1a6-bb92-4b35-8db8-fc204191ad27" testListId="8c84fa94-04c1-424b-9868-57a2d4851a1d" />
    <TestEntry testId="a8e04767-ac41-1f32-c947-bd5df33151ec" executionId="fcc34363-2d65-41be-9c4f-276f7d48beab" testListId="8c84fa94-04c1-424b-9868-57a2d4851a1d" />
    <TestEntry testId="8eae7c49-7daf-140e-1606-0b6942e5dcf2" executionId="c739ed93-f00c-49b8-80e7-ce1c98373b19" testListId="8c84fa94-04c1-424b-9868-57a2d4851a1d" />
    <TestEntry testId="4552b24e-8008-ee31-31c2-f0a979399c16" executionId="af961311-9e23-4798-b5ed-b956a285a47c" testListId="8c84fa94-04c1-424b-9868-57a2d4851a1d" />
    <TestEntry testId="2db71583-740f-2ab5-139c-cae68541f446" executionId="75bbb8c1-a754-4354-88f9-c2c10ed5fe98" testListId="8c84fa94-04c1-424b-9868-57a2d4851a1d" />
    <TestEntry testId="02ed03ae-bbb5-4bcb-f1b0-7dce5d101963" executionId="2f50bf46-d424-488b-8b13-a6a734977429" testListId="8c84fa94-04c1-424b-9868-57a2d4851a1d" />
    <TestEntry testId="ae09602e-db55-3603-a1fd-c0e659c4c33a" executionId="d97b5bc1-b94a-47a4-8e4f-7d21d713555d" testListId="8c84fa94-04c1-424b-9868-57a2d4851a1d" />
  </TestEntries>
  <TestLists>
    <TestList name="Results Not in a List" id="8c84fa94-04c1-424b-9868-57a2d4851a1d" />
    <TestList name="All Loaded Results" id="19431567-8539-422a-85d7-44ee4e166bda" />
  </TestLists>
  <ResultSummary outcome="Completed">
    <Counters total="59" executed="59" passed="59" failed="0" error="0" timeout="0" aborted="0" inconclusive="0" passedButRunAborted="0" notRunnable="0" notExecuted="0" disconnected="0" warning="0" completed="0" inProgress="0" pending="0" />
    <Output>
      <StdOut>[xUnit.net 00:00:00.00] xUnit.net VSTest Adapter v3.1.5+1b188a7b0a (64-bit .NET 10.0.10)&#xD;
[xUnit.net 00:00:00.16]   Discovering: Agendamento.UnitTests&#xD;
[xUnit.net 00:00:00.32]   Discovered:  Agendamento.UnitTests&#xD;
[xUnit.net 00:00:00.39]   Starting:    Agendamento.UnitTests&#xD;
[xUnit.net 00:00:02.92]   Finished:    Agendamento.UnitTests&#xD;
</StdOut>
    </Output>
  </ResultSummary>
</TestRun>