AVISO prova fraca (PROVA_FRACA) [cadastro-tenants] AC-014 provado apenas pelo exit code global (reporter "exitcode") — sem granularidade por teste; prefira tap/vitest-json/jest-json tests/Agendamento.IntegrationTests/Tenants/CompanyRegistryEndpointTests.cs:20
AVISO prova fraca (PROVA_FRACA) [cadastro-tenants] AC-015 provado apenas pelo exit code global (reporter "exitcode") — sem granularidade por teste; prefira tap/vitest-json/jest-json tests/Agendamento.IntegrationTests/Tenants/CompanyRegistryEndpointTests.cs:33
AVISO prova fraca (PROVA_FRACA) [cadastro-tenants] AC-016 provado apenas pelo exit code global (reporter "exitcode") — sem granularidade por teste; prefira tap/vitest-json/jest-json tests/Agendamento.IntegrationTests/Tenants/CompanyRegistryEndpointTests.cs:33
AVISO prova fraca (PROVA_FRACA) [cadastro-tenants] AC-017 provado apenas pelo exit code global (reporter "exitcode") — sem granularidade por teste; prefira tap/vitest-json/jest-json tests/Agendamento.IntegrationTests/Tenants/CompanyRegistryEndpointTests.cs:47
AVISO prova fraca (PROVA_FRACA) [cadastro-tenants] AC-018 provado apenas pelo exit code global (reporter "exitcode") — sem granularidade por teste; prefira tap/vitest-json/jest-json tests/Agendamento.IntegrationTests/Tenants/TenantRegistrationEndpointTests.cs:24
AVISO prova fraca (PROVA_FRACA) [cadastro-tenants] AC-019 provado apenas pelo exit code global (reporter "exitcode") — sem granularidade por teste; prefira tap/vitest-json/jest-json tests/Agendamento.IntegrationTests/Tenants/TenantPersistenceTests.cs:14
AVISO prova fraca (PROVA_FRACA) [cadastro-tenants] AC-020 provado apenas pelo exit code global (reporter "exitcode") — sem granularidade por teste; prefira tap/vitest-json/jest-json tests/Agendamento.IntegrationTests/Tenants/TenantRegistrationEndpointTests.cs:39
AVISO prova fraca (PROVA_FRACA) [cadastro-tenants] AC-021 provado apenas pelo exit code global (reporter "exitcode") — sem granularidade por teste; prefira tap/vitest-json/jest-json tests/Agendamento.IntegrationTests/Tenants/RegisterTenantTransactionTests.cs:17
AVISO prova fraca (PROVA_FRACA) [cadastro-tenants] AC-022 provado apenas pelo exit code global (reporter "exitcode") — sem granularidade por teste; prefira tap/vitest-json/jest-json tests/Agendamento.IntegrationTests/Tenants/RegisterTenantTransactionTests.cs:55
AVISO prova fraca (PROVA_FRACA) [cadastro-tenants] AC-023 provado apenas pelo exit code global (reporter "exitcode") — sem granularidade por teste; prefira tap/vitest-json/jest-json tests/Agendamento.IntegrationTests/Tenants/RegisterTenantTransactionTests.cs:93
AVISO prova fraca (PROVA_FRACA) [cadastro-tenants] AC-024 provado apenas pelo exit code global (reporter "exitcode") — sem granularidade por teste; prefira tap/vitest-json/jest-json tests/Agendamento.IntegrationTests/Tenants/RegisterTenantTransactionTests.cs:139
AVISO prova fraca (PROVA_FRACA) [cadastro-tenants] AC-025 provado apenas pelo exit code global (reporter "exitcode") — sem granularidade por teste; prefira tap/vitest-json/jest-json tests/Agendamento.IntegrationTests/Tenants/CurrentTenantEndpointTests.cs:26
AVISO arquivo não existe (ARQUIVO_INEXISTENTE) [contrato-openapi-swagger] a tarefa T-022 mapeia src/Agendamento.Api/OpenApi/OpenApiExtensions.cs, que não existe .spec\features\contrato-openapi-swagger\tasks.md:5
AVISO arquivo não existe (ARQUIVO_INEXISTENTE) [contrato-openapi-swagger] a tarefa T-022 mapeia tests/Agendamento.IntegrationTests/OpenApi/SwaggerUiTests.cs, que não existe .spec\features\contrato-openapi-swagger\tasks.md:5
AVISO arquivo não existe (ARQUIVO_INEXISTENTE) [contrato-openapi-swagger] a tarefa T-023 mapeia src/Agendamento.Api/Features/Health, que não existe .spec\features\contrato-openapi-swagger\tasks.md:11
AVISO arquivo não existe (ARQUIVO_INEXISTENTE) [contrato-openapi-swagger] a tarefa T-023 mapeia src/Agendamento.Api/OpenApi/ProblemDetailsOperationTransformer.cs, que não existe .spec\features\contrato-openapi-swagger\tasks.md:11
AVISO arquivo não existe (ARQUIVO_INEXISTENTE) [contrato-openapi-swagger] a tarefa T-023 mapeia src/Agendamento.Api/OpenApi/BearerSecuritySchemeTransformer.cs, que não existe .spec\features\contrato-openapi-swagger\tasks.md:11
AVISO arquivo não existe (ARQUIVO_INEXISTENTE) [contrato-openapi-swagger] a tarefa T-023 mapeia tests/Agendamento.ArchitectureTests/OpenApi/EndpointMetadataTests.cs, que não existe .spec\features\contrato-openapi-swagger\tasks.md:11
AVISO arquivo não existe (ARQUIVO_INEXISTENTE) [contrato-openapi-swagger] a tarefa T-024 mapeia docs/openapi/v1.json, que não existe .spec\features\contrato-openapi-swagger\tasks.md:17
AVISO arquivo não existe (ARQUIVO_INEXISTENTE) [contrato-openapi-swagger] a tarefa T-024 mapeia tools/export-openapi.ps1, que não existe .spec\features\contrato-openapi-swagger\tasks.md:17
AVISO arquivo não existe (ARQUIVO_INEXISTENTE) [contrato-openapi-swagger] a tarefa T-024 mapeia tests/Agendamento.IntegrationTests/OpenApi/OpenApiSnapshotTests.cs, que não existe .spec\features\contrato-openapi-swagger\tasks.md:17
AVISO arquivo não existe (ARQUIVO_INEXISTENTE) [contrato-openapi-swagger] a tarefa T-025 mapeia tests/Agendamento.ArchitectureTests/OpenApi/OpenApiCompletenessTests.cs, que não existe .spec\features\contrato-openapi-swagger\tasks.md:23
AVISO arquivo não existe (ARQUIVO_INEXISTENTE) [contrato-openapi-swagger] a tarefa T-025 mapeia tests/Agendamento.ArchitectureTests/OpenApi/OpenApiSensitiveDataTests.cs, que não existe .spec\features\contrato-openapi-swagger\tasks.md:23
ERRO  critério de aceite sem teste (AC_SEM_TESTE) [contrato-openapi-swagger] AC-036 (Todas as rotas implementadas aparecem no contrato) não tem nenhum teste anotado com @spec:AC-036 .spec\features\contrato-openapi-swagger\spec.md:16
ERRO  critério de aceite sem teste (AC_SEM_TESTE) [contrato-openapi-swagger] AC-037 (Operações descrevem sucesso e falhas) não tem nenhum teste anotado com @spec:AC-037 .spec\features\contrato-openapi-swagger\spec.md:22
ERRO  critério de aceite sem teste (AC_SEM_TESTE) [contrato-openapi-swagger] AC-038 (Schemas não expõem dados secretos) não tem nenhum teste anotado com @spec:AC-038 .spec\features\contrato-openapi-swagger\spec.md:28
ERRO  critério de aceite sem teste (AC_SEM_TESTE) [contrato-openapi-swagger] AC-039 (Documento versionado coincide com a aplicação) não tem nenhum teste anotado com @spec:AC-039 .spec\features\contrato-openapi-swagger\spec.md:38
ERRO  critério de aceite sem teste (AC_SEM_TESTE) [contrato-openapi-swagger] AC-040 (Swagger UI permite explorar a versão vigente) não tem nenhum teste anotado com @spec:AC-040 .spec\features\contrato-openapi-swagger\spec.md:44
AVISO prova fraca (PROVA_FRACA) [fundacao-api-testes] AC-001 provado apenas pelo exit code global (reporter "exitcode") — sem granularidade por teste; prefira tap/vitest-json/jest-json tests/Agendamento.ArchitectureTests/Build/SolutionBuildTests.cs:9
AVISO prova fraca (PROVA_FRACA) [fundacao-api-testes] AC-002 provado apenas pelo exit code global (reporter "exitcode") — sem granularidade por teste; prefira tap/vitest-json/jest-json tests/Agendamento.IntegrationTests/Health/HealthEndpointTests.cs:9
AVISO prova fraca (PROVA_FRACA) [fundacao-api-testes] AC-003 provado apenas pelo exit code global (reporter "exitcode") — sem granularidade por teste; prefira tap/vitest-json/jest-json tests/Agendamento.IntegrationTests/Health/HealthEndpointTests.cs:19
AVISO prova fraca (PROVA_FRACA) [fundacao-api-testes] AC-004 provado apenas pelo exit code global (reporter "exitcode") — sem granularidade por teste; prefira tap/vitest-json/jest-json tests/Agendamento.IntegrationTests/Persistence/PostgreSqlFixtureTests.cs:9
AVISO prova fraca (PROVA_FRACA) [fundacao-api-testes] AC-005 provado apenas pelo exit code global (reporter "exitcode") — sem granularidade por teste; prefira tap/vitest-json/jest-json tests/Agendamento.ArchitectureTests/Configuration/SecretConfigurationTests.cs:8
AVISO prova fraca (PROVA_FRACA) [fundacao-api-testes] AC-006 provado apenas pelo exit code global (reporter "exitcode") — sem granularidade por teste; prefira tap/vitest-json/jest-json tests/Agendamento.IntegrationTests/Configuration/DatabaseConfigurationTests.cs:10
ERRO  prova desatualizada (VERIFY_OBSOLETO) [fundacao-api-testes] código/testes mudaram depois do último verify de fundacao-api-testes — rode `onp-spec verify fundacao-api-testes` de novo
AVISO prova fraca (PROVA_FRACA) [identidade-acesso-inicial] AC-007 provado apenas pelo exit code global (reporter "exitcode") — sem granularidade por teste; prefira tap/vitest-json/jest-json tests/Agendamento.IntegrationTests/Identity/UserPersistenceTests.cs:12
AVISO prova fraca (PROVA_FRACA) [identidade-acesso-inicial] AC-008 provado apenas pelo exit code global (reporter "exitcode") — sem granularidade por teste; prefira tap/vitest-json/jest-json tests/Agendamento.UnitTests/Identity/UserTests.cs:23
AVISO prova fraca (PROVA_FRACA) [identidade-acesso-inicial] AC-009 provado apenas pelo exit code global (reporter "exitcode") — sem granularidade por teste; prefira tap/vitest-json/jest-json tests/Agendamento.IntegrationTests/Identity/EmailVerificationOutboxTests.cs:10
AVISO prova fraca (PROVA_FRACA) [identidade-acesso-inicial] AC-010 provado apenas pelo exit code global (reporter "exitcode") — sem granularidade por teste; prefira tap/vitest-json/jest-json tests/Agendamento.IntegrationTests/Identity/EmailVerificationEndpointTests.cs:14
AVISO prova fraca (PROVA_FRACA) [identidade-acesso-inicial] AC-011 provado apenas pelo exit code global (reporter "exitcode") — sem granularidade por teste; prefira tap/vitest-json/jest-json tests/Agendamento.IntegrationTests/Identity/EmailVerificationEndpointTests.cs:29
AVISO prova fraca (PROVA_FRACA) [identidade-acesso-inicial] AC-012 provado apenas pelo exit code global (reporter "exitcode") — sem granularidade por teste; prefira tap/vitest-json/jest-json tests/Agendamento.IntegrationTests/Identity/SessionEndpointTests.cs:17
AVISO prova fraca (PROVA_FRACA) [identidade-acesso-inicial] AC-013 provado apenas pelo exit code global (reporter "exitcode") — sem granularidade por teste; prefira tap/vitest-json/jest-json tests/Agendamento.IntegrationTests/Identity/SessionEndpointTests.cs:28
ERRO  prova desatualizada (VERIFY_OBSOLETO) [identidade-acesso-inicial] código/testes mudaram depois do último verify de identidade-acesso-inicial — rode `onp-spec verify identidade-acesso-inicial` de novo
AVISO arquivo não existe (ARQUIVO_INEXISTENTE) [isolamento-multitenancy] a tarefa T-017 mapeia src/Agendamento.Api/Application/Tenancy/ITenantContext.cs, que não existe .spec\features\isolamento-multitenancy\tasks.md:5
AVISO arquivo não existe (ARQUIVO_INEXISTENTE) [isolamento-multitenancy] a tarefa T-017 mapeia src/Agendamento.Api/Infrastructure/Tenancy/HttpTenantContext.cs, que não existe .spec\features\isolamento-multitenancy\tasks.md:5
AVISO arquivo não existe (ARQUIVO_INEXISTENTE) [isolamento-multitenancy] a tarefa T-017 mapeia src/Agendamento.Api/Infrastructure/Tenancy/TenantContextMiddleware.cs, que não existe .spec\features\isolamento-multitenancy\tasks.md:5
AVISO arquivo não existe (ARQUIVO_INEXISTENTE) [isolamento-multitenancy] a tarefa T-017 mapeia tests/Agendamento.IntegrationTests/Tenancy/TenantContextTests.cs, que não existe .spec\features\isolamento-multitenancy\tasks.md:5
AVISO arquivo não existe (ARQUIVO_INEXISTENTE) [isolamento-multitenancy] a tarefa T-018 mapeia src/Agendamento.Api/Domain/Common/ITenantOwned.cs, que não existe .spec\features\isolamento-multitenancy\tasks.md:11
AVISO arquivo não existe (ARQUIVO_INEXISTENTE) [isolamento-multitenancy] a tarefa T-018 mapeia src/Agendamento.Api/Infrastructure/Persistence/TenantSaveChangesInterceptor.cs, que não existe .spec\features\isolamento-multitenancy\tasks.md:11
AVISO arquivo não existe (ARQUIVO_INEXISTENTE) [isolamento-multitenancy] a tarefa T-018 mapeia tests/Agendamento.IntegrationTests/Tenancy/EfTenantIsolationTests.cs, que não existe .spec\features\isolamento-multitenancy\tasks.md:11
AVISO arquivo não existe (ARQUIVO_INEXISTENTE) [isolamento-multitenancy] a tarefa T-019 mapeia src/Agendamento.Api/Infrastructure/Persistence/TenantTransactionInterceptor.cs, que não existe .spec\features\isolamento-multitenancy\tasks.md:17
AVISO arquivo não existe (ARQUIVO_INEXISTENTE) [isolamento-multitenancy] a tarefa T-019 mapeia src/Agendamento.Api/Infrastructure/Persistence/Sql/TenantRls.sql, que não existe .spec\features\isolamento-multitenancy\tasks.md:17
AVISO arquivo não existe (ARQUIVO_INEXISTENTE) [isolamento-multitenancy] a tarefa T-019 mapeia tests/Agendamento.IntegrationTests/Tenancy/PostgreSqlRlsTests.cs, que não existe .spec\features\isolamento-multitenancy\tasks.md:17
AVISO arquivo não existe (ARQUIVO_INEXISTENTE) [isolamento-multitenancy] a tarefa T-020 mapeia tests/Agendamento.IntegrationTests/Tenancy/CrossTenantIsolationTests.cs, que não existe .spec\features\isolamento-multitenancy\tasks.md:23
AVISO arquivo não existe (ARQUIVO_INEXISTENTE) [isolamento-multitenancy] a tarefa T-021 mapeia tests/Agendamento.ArchitectureTests/Tenancy/TenantOwnedMigrationTests.cs, que não existe .spec\features\isolamento-multitenancy\tasks.md:29
ERRO  critério de aceite sem teste (AC_SEM_TESTE) [isolamento-multitenancy] AC-028 (Requisição sem tenant autenticado não acessa dados privados) não tem nenhum teste anotado com @spec:AC-028 .spec\features\isolamento-multitenancy\spec.md:16
ERRO  critério de aceite sem teste (AC_SEM_TESTE) [isolamento-multitenancy] AC-029 (Request não escolhe tenant) não tem nenhum teste anotado com @spec:AC-029 .spec\features\isolamento-multitenancy\spec.md:22
ERRO  critério de aceite sem teste (AC_SEM_TESTE) [isolamento-multitenancy] AC-030 (Tenant A não lê dados do tenant B) não tem nenhum teste anotado com @spec:AC-030 .spec\features\isolamento-multitenancy\spec.md:32
ERRO  critério de aceite sem teste (AC_SEM_TESTE) [isolamento-multitenancy] AC-031 (Tenant A não altera nem remove dados do tenant B) não tem nenhum teste anotado com @spec:AC-031 .spec\features\isolamento-multitenancy\spec.md:38
ERRO  critério de aceite sem teste (AC_SEM_TESTE) [isolamento-multitenancy] AC-032 (Divergência é rejeitada antes do commit) não tem nenhum teste anotado com @spec:AC-032 .spec\features\isolamento-multitenancy\spec.md:44
ERRO  critério de aceite sem teste (AC_SEM_TESTE) [isolamento-multitenancy] AC-033 (Papel da aplicação não contorna RLS) não tem nenhum teste anotado com @spec:AC-033 .spec\features\isolamento-multitenancy\spec.md:54
ERRO  critério de aceite sem teste (AC_SEM_TESTE) [isolamento-multitenancy] AC-034 (Contexto não vaza pelo pool de conexões) não tem nenhum teste anotado com @spec:AC-034 .spec\features\isolamento-multitenancy\spec.md:60
ERRO  critério de aceite sem teste (AC_SEM_TESTE) [isolamento-multitenancy] AC-035 (Toda tabela tenant-owned nasce protegida) não tem nenhum teste anotado com @spec:AC-035 .spec\features\isolamento-multitenancy\spec.md:66
ERRO  código órfão (sem tarefa) (ARQUIVO_ORFAO) src/Agendamento.Api/Application/Common/ICurrentTenant.cs não é mapeado por nenhuma tarefa — que requisito esse código atende? src/Agendamento.Api/Application/Common/ICurrentTenant.cs
ERRO  código órfão (sem tarefa) (ARQUIVO_ORFAO) src/Agendamento.Api/Application/Tenants/GetCurrentTenant/ICurrentTenantReader.cs não é mapeado por nenhuma tarefa — que requisito esse código atende? src/Agendamento.Api/Application/Tenants/GetCurrentTenant/ICurrentTenantReader.cs
ERRO  código órfão (sem tarefa) (ARQUIVO_ORFAO) src/Agendamento.Api/Infrastructure/Identity/HttpCurrentTenant.cs não é mapeado por nenhuma tarefa — que requisito esse código atende? src/Agendamento.Api/Infrastructure/Identity/HttpCurrentTenant.cs
ERRO  código órfão (sem tarefa) (ARQUIVO_ORFAO) src/Agendamento.Api/Infrastructure/Identity/JwtAuthenticationHandler.cs não é mapeado por nenhuma tarefa — que requisito esse código atende? src/Agendamento.Api/Infrastructure/Identity/JwtAuthenticationHandler.cs
ERRO  código órfão (sem tarefa) (ARQUIVO_ORFAO) src/Agendamento.Api/Infrastructure/Persistence/CurrentTenantReader.cs não é mapeado por nenhuma tarefa — que requisito esse código atende? src/Agendamento.Api/Infrastructure/Persistence/CurrentTenantReader.cs
ERRO  código órfão (sem tarefa) (ARQUIVO_ORFAO) src/Agendamento.Api/Infrastructure/Persistence/Migrations/20260802023834_CreateTenantPersistence.Designer.cs não é mapeado por nenhuma tarefa — que requisito esse código atende? src/Agendamento.Api/Infrastructure/Persistence/Migrations/20260802023834_CreateTenantPersistence.Designer.cs
ERRO  código órfão (sem tarefa) (ARQUIVO_ORFAO) src/Agendamento.Api/Infrastructure/Persistence/Migrations/20260802023834_CreateTenantPersistence.cs não é mapeado por nenhuma tarefa — que requisito esse código atende? src/Agendamento.Api/Infrastructure/Persistence/Migrations/20260802023834_CreateTenantPersistence.cs
ERRO  código órfão (sem tarefa) (ARQUIVO_ORFAO) src/Agendamento.Api/Infrastructure/Persistence/Migrations/AgendamentoDbContextModelSnapshot.cs não é mapeado por nenhuma tarefa — que requisito esse código atende? src/Agendamento.Api/Infrastructure/Persistence/Migrations/AgendamentoDbContextModelSnapshot.cs
ERRO  código órfão (sem tarefa) (ARQUIVO_ORFAO) src/Agendamento.Api/Infrastructure/Persistence/UnavailableUnitOfWork.cs não é mapeado por nenhuma tarefa — que requisito esse código atende? src/Agendamento.Api/Infrastructure/Persistence/UnavailableUnitOfWork.cs
ERRO  princípio violado (PRINCIPIO_VIOLADO) P-004 exige teste @principle:P-004 e nenhum teste tem essa tag .spec\constituicao.md:43

resumo: 5 feature(s) · 15 história(s) de usuário · 38 critério(s) de aceite · 25/38 com teste · 25/38 provados
✘ 25 erro(s), 48 aviso(s)
73 sinal(is) registrados no histórico — depois de corrigir: onp-spec licoes sugerir
